Archive member included to satisfy reference by file (symbol)

c:/program files/microchip/xc32/v4.00/bin/bin/../../lib/gcc/pic32c/8.3.1/../../../../pic32c/lib/thumb/v7e-m+dp/hard\libpic32c.a(data_init.o)
                              build/sam_v71_xult/production/_ext/1320227943/startup_xc32.o (__pic32c_data_initialization)
c:/program files/microchip/xc32/v4.00/bin/bin/../../lib/gcc/pic32c/8.3.1/../../../../pic32c/lib/thumb/v7e-m+dp/hard\libc-musl.a(__libc_start_main.o)
                              build/sam_v71_xult/production/_ext/1320227943/startup_xc32.o (__libc_init_array)
c:/program files/microchip/xc32/v4.00/bin/bin/../../lib/gcc/pic32c/8.3.1/../../../../pic32c/lib/thumb/v7e-m+dp/hard\libc-musl.a(libc.o)
                              c:/program files/microchip/xc32/v4.00/bin/bin/../../lib/gcc/pic32c/8.3.1/../../../../pic32c/lib/thumb/v7e-m+dp/hard\libc-musl.a(__libc_start_main.o) (__progname_full)
c:/program files/microchip/xc32/v4.00/bin/bin/../../lib/gcc/pic32c/8.3.1/../../../../pic32c/lib/thumb/v7e-m+dp/hard\libc-musl.a(__sio_sprintf_doux.o)
                              (_sprintf_cdnopuxX)
c:/program files/microchip/xc32/v4.00/bin/bin/../../lib/gcc/pic32c/8.3.1/../../../../pic32c/lib/thumb/v7e-m+dp/hard\libc-musl.a(__fmt_d.o)
                              c:/program files/microchip/xc32/v4.00/bin/bin/../../lib/gcc/pic32c/8.3.1/../../../../pic32c/lib/thumb/v7e-m+dp/hard\libc-musl.a(__sio_sprintf_doux.o) (__fmt_d_needed)
c:/program files/microchip/xc32/v4.00/bin/bin/../../lib/gcc/pic32c/8.3.1/../../../../pic32c/lib/thumb/v7e-m+dp/hard\libc-musl.a(__fmt_o.o)
                              c:/program files/microchip/xc32/v4.00/bin/bin/../../lib/gcc/pic32c/8.3.1/../../../../pic32c/lib/thumb/v7e-m+dp/hard\libc-musl.a(__sio_sprintf_doux.o) (__fmt_o_needed)
c:/program files/microchip/xc32/v4.00/bin/bin/../../lib/gcc/pic32c/8.3.1/../../../../pic32c/lib/thumb/v7e-m+dp/hard\libc-musl.a(__fmt_s.o)
                              c:/program files/microchip/xc32/v4.00/bin/bin/../../lib/gcc/pic32c/8.3.1/../../../../pic32c/lib/thumb/v7e-m+dp/hard\libc-musl.a(__sio_sprintf_doux.o) (__fmt_s_needed)
c:/program files/microchip/xc32/v4.00/bin/bin/../../lib/gcc/pic32c/8.3.1/../../../../pic32c/lib/thumb/v7e-m+dp/hard\libc-musl.a(__fmt_u.o)
                              c:/program files/microchip/xc32/v4.00/bin/bin/../../lib/gcc/pic32c/8.3.1/../../../../pic32c/lib/thumb/v7e-m+dp/hard\libc-musl.a(__fmt_d.o) (__cvt_u)
c:/program files/microchip/xc32/v4.00/bin/bin/../../lib/gcc/pic32c/8.3.1/../../../../pic32c/lib/thumb/v7e-m+dp/hard\libc-musl.a(__fmt_x.o)
                              c:/program files/microchip/xc32/v4.00/bin/bin/../../lib/gcc/pic32c/8.3.1/../../../../pic32c/lib/thumb/v7e-m+dp/hard\libc-musl.a(__sio_sprintf_doux.o) (__fmt_x_needed)
c:/program files/microchip/xc32/v4.00/bin/bin/../../lib/gcc/pic32c/8.3.1/../../../../pic32c/lib/thumb/v7e-m+dp/hard\libc-musl.a(__printf_core.o)
                              c:/program files/microchip/xc32/v4.00/bin/bin/../../lib/gcc/pic32c/8.3.1/../../../../pic32c/lib/thumb/v7e-m+dp/hard\libc-musl.a(__fmt_d.o) (__pad)
c:/program files/microchip/xc32/v4.00/bin/bin/../../lib/gcc/pic32c/8.3.1/../../../../pic32c/lib/thumb/v7e-m+dp/hard\libc-musl.a(atoi.o)
                              c:/program files/microchip/xc32/v4.00/bin/bin/../../lib/gcc/pic32c/8.3.1/../../../../pic32c/lib/thumb/v7e-m+dp/hard\libc-musl.a(__printf_core.o) (atoi)
c:/program files/microchip/xc32/v4.00/bin/bin/../../lib/gcc/pic32c/8.3.1/../../../../pic32c/lib/thumb/v7e-m+dp/hard\libc-musl.a(memcpy.o)
                              build/sam_v71_xult/production/_ext/1157988489/plib_efc.o (memcpy)
c:/program files/microchip/xc32/v4.00/bin/bin/../../lib/gcc/pic32c/8.3.1/../../../../pic32c/lib/thumb/v7e-m+dp/hard\libc-musl.a(memset.o)
                              build/sam_v71_xult/production/_ext/1537669298/plib_mcan1.o (memset)
c:/program files/microchip/xc32/v4.00/bin/bin/../../lib/gcc/pic32c/8.3.1/../../../../pic32c/lib/thumb/v7e-m+dp/hard\libc-musl.a(strlen.o)
                              build/sam_v71_xult/production/_ext/1522961716/Uart1_FreeRTOS.o (strlen)
c:/program files/microchip/xc32/v4.00/bin/bin/../../lib/gcc/pic32c/8.3.1/../../../../pic32c/lib/thumb/v7e-m+dp/hard\libc-musl.a(tolower.o)
                              c:/program files/microchip/xc32/v4.00/bin/bin/../../lib/gcc/pic32c/8.3.1/../../../../pic32c/lib/thumb/v7e-m+dp/hard\libc-musl.a(__printf_core.o) (tolower)
c:/program files/microchip/xc32/v4.00/bin/bin/../../lib/gcc/pic32c/8.3.1/../../../../pic32c/lib/thumb/v7e-m+dp/hard\libc-musl.a(toupper.o)
                              c:/program files/microchip/xc32/v4.00/bin/bin/../../lib/gcc/pic32c/8.3.1/../../../../pic32c/lib/thumb/v7e-m+dp/hard\libc-musl.a(__fmt_x.o) (toupper)
c:/program files/microchip/xc32/v4.00/bin/bin/../../lib/gcc/pic32c/8.3.1/../../../../pic32c/lib/thumb/v7e-m+dp/hard\libc-musl.a(__environ.o)
[...]
Memory Configuration

Name             Origin             Length             Attributes
rom              0x00400000         0x00200000         xrl
ram              0x20400000         0x00060000         xw !r
itcm             0x00000000         0x00000000         xw
dtcm             0x20000000         0x00000000         xw !r
ram_nocache      0x2045f000         0x00001000         xrw
config_D0000000  0xd0000000         0x00000004
config_D0000004  0xd0000004         0x00000004
config_D0000008  0xd0000008         0x00000004
config_D000000C  0xd000000c         0x00000004
config_D0000010  0xd0000010         0x00000004
*default*        0x00000000         0xffffffff

Linker script and memory map

LOAD c:/program files/microchip/xc32/v4.00/bin/bin/../../lib/gcc/pic32c/8.3.1/thumb/v7e-m+dp/hard/crti.o
LOAD c:/program files/microchip/xc32/v4.00/bin/bin/../../lib/gcc/pic32c/8.3.1/thumb/v7e-m+dp/hard/crtbegin.o
LOAD build/sam_v71_xult/production/_ext/191436215/osal_freertos.o
LOAD build/sam_v71_xult/production/_ext/1157990217/plib_clk.o
LOAD build/sam_v71_xult/production/_ext/1157988489/plib_efc.o
LOAD build/sam_v71_xult/production/_ext/1537669298/plib_mcan1.o
LOAD build/sam_v71_xult/production/_ext/1157980473/plib_mpu.o
LOAD build/sam_v71_xult/production/_ext/1537621011/plib_nvic.o
LOAD build/sam_v71_xult/production/_ext/1157977813/plib_pio.o
LOAD build/sam_v71_xult/production/_ext/415242918/plib_usart1.o
LOAD build/sam_v71_xult/production/_ext/1643282145/xc32_monitor.o
LOAD build/sam_v71_xult/production/_ext/1871840330/sys_cache.o
LOAD build/sam_v71_xult/production/_ext/663512716/sys_int.o
LOAD build/sam_v71_xult/production/_ext/1320227943/initialization.o
LOAD build/sam_v71_xult/production/_ext/1320227943/interrupts.o
LOAD build/sam_v71_xult/production/_ext/1320227943/exceptions.o
LOAD build/sam_v71_xult/production/_ext/1320227943/startup_xc32.o
LOAD build/sam_v71_xult/production/_ext/1320227943/libc_syscalls.o
LOAD build/sam_v71_xult/production/_ext/1320227943/freertos_hooks.o
LOAD build/sam_v71_xult/production/_ext/1320227943/tasks.o
LOAD build/sam_v71_xult/production/_ext/977623654/port.o
LOAD build/sam_v71_xult/production/_ext/1665200909/heap_1.o
LOAD build/sam_v71_xult/production/_ext/404212886/croutine.o
LOAD build/sam_v71_xult/production/_ext/404212886/list.o
LOAD build/sam_v71_xult/production/_ext/404212886/queue.o
LOAD build/sam_v71_xult/production/_ext/404212886/FreeRTOS_tasks.o
LOAD build/sam_v71_xult/production/_ext/404212886/timers.o
LOAD build/sam_v71_xult/production/_ext/404212886/event_groups.o
LOAD build/sam_v71_xult/production/_ext/404212886/stream_buffer.o
LOAD build/sam_v71_xult/production/_ext/1360937237/main_v71.o
LOAD build/sam_v71_xult/production/_ext/1360937237/tarea_principal.o
LOAD build/sam_v71_xult/production/_ext/1563530619/mcan_fd_interrupt.o
LOAD build/sam_v71_xult/production/_ext/1522961716/Uart1_FreeRTOS.o
                0x00000001                __MPLAB_BUILD = 0x1
                0x00600000                __rom_end = (ORIGIN (rom) + LENGTH (rom))
                0x20460000                __ram_end = (ORIGIN (ram) + LENGTH (ram))

.config_D0000000
 *(.config_D0000000)
 *(.config_D0000000)

.config_D0000004
 *(.config_D0000004)
 *(.config_D0000004)

.config_D0000008
 *(.config_D0000008)
 *(.config_D0000008)

.config_D000000C
 *(.config_D000000C)
 *(.config_D000000C)

.config_D0000010
 *(.config_D0000010)
 *(.config_D0000010)

.vectors        0x00400000      0x168
                0x00400000                . = ALIGN (0x4)
                0x00400168                _sfixed = .
 *(.vectors .vectors.* .vectors_default .vectors_default.*)
 .vectors.exception_table
                0x00400000      0x168 build/sam_v71_xult/production/_ext/1320227943/interrupts.o
                0x00400000                exception_table
 *(.isr_vector)
 *(.reset*)
 *(.after_vectors)
                0x00400168                . = ALIGN (0x4)
                0x00400168                _sfixed = .
 *(.vectors .vectors.* .vectors_default .vectors_default.*)
 *(.isr_vector)
 *(.reset*)
 *(.after_vectors)

.text           0x00400168       0x20
                0x00400168                . = ALIGN (0x4)
 *(.glue_7t)
 .glue_7t       0x00400168        0x0 linker stubs
 *(.glue_7)
 .glue_7        0x00400168        0x0 linker stubs
 *(.gnu.linkonce.r.*)
 *(.ARM.extab* .gnu.linkonce.armextab.*)
                0x00400168                . = ALIGN (0x4)
 *(.init)
 .init          0x00400168        0x4 c:/program files/microchip/xc32/v4.00/bin/bin/../../lib/gcc/pic32c/8.3.1/thumb/v7e-m+dp/hard/crti.o
                0x00400168                _init
 .init          0x0040016c        0x8 c:/program files/microchip/xc32/v4.00/bin/bin/../../lib/gcc/pic32c/8.3.1/thumb/v7e-m+dp/hard/crtn.o
                0x00400174                . = ALIGN (0x4)
                0x00400188                __preinit_array_start = .
 *(.preinit_array)
                0x00400188                __preinit_array_end = .
                0x00400174                . = ALIGN (0x4)
                0x00400188                __init_array_start = .
 *(SORT_BY_NAME(.init_array.*))
 *(.init_array)
 .init_array    0x00400174        0x4 c:/program files/microchip/xc32/v4.00/bin/bin/../../lib/gcc/pic32c/8.3.1/thumb/v7e-m+dp/hard/crtbegin.o
                0x00400188                __init_array_end = .
                0x00400178                . = ALIGN (0x4)
 *crtbegin.o(.ctors)
 *(EXCLUDE_FILE(*crtend.o) .ctors)
 *(SORT_BY_NAME(.ctors.*))
 *crtend.o(.ctors)
                0x00400178                . = ALIGN (0x4)
 *(.fini)
 .fini          0x00400178        0x4 c:/program files/microchip/xc32/v4.00/bin/bin/../../lib/gcc/pic32c/8.3.1/thumb/v7e-m+dp/hard/crti.o
                0x00400178                _fini
 .fini          0x0040017c        0x8 c:/program files/microchip/xc32/v4.00/bin/bin/../../lib/gcc/pic32c/8.3.1/thumb/v7e-m+dp/hard/crtn.o
                0x00400184                . = ALIGN (0x4)
                0x00400188                __fini_array_start = .
 *(.fini_array)
 .fini_array    0x00400184        0x4 c:/program files/microchip/xc32/v4.00/bin/bin/../../lib/gcc/pic32c/8.3.1/thumb/v7e-m+dp/hard/crtbegin.o
 *(SORT_BY_NAME(.fini_array.*))
                0x00400188                __fini_array_end = .
 *crtbegin.o(.dtors)
 *(EXCLUDE_FILE(*crtend.o) .dtors)
 *(SORT_BY_NAME(.dtors.*))
 *crtend.o(.dtors)
                0x00400188                . = ALIGN (0x4)
                0x00400188                _efixed = .
                0x00400188                . = ALIGN (0x4)
 *(.glue_7t)
 *(.glue_7)
 *(.gnu.linkonce.r.*)
 *(.ARM.extab* .gnu.linkonce.armextab.*)
                0x00400188                . = ALIGN (0x4)
 *(.init)
                0x00400188                . = ALIGN (0x4)
                0x00400188                __preinit_array_start = .
 *(.preinit_array)
                0x00400188                __preinit_array_end = .
                0x00400188                . = ALIGN (0x4)
                0x00400188                __init_array_start = .
 *(SORT_BY_NAME(.init_array.*))
 *(.init_array)
                0x00400188                __init_array_end = .
                0x00400188                . = ALIGN (0x4)
 *crtbegin.o(.ctors)
 *(EXCLUDE_FILE(*crtend.o) .ctors)
 *(SORT_BY_NAME(.ctors.*))
 *crtend.o(.ctors)
                0x00400188                . = ALIGN (0x4)
 *(.fini)
                0x00400188                . = ALIGN (0x4)
                0x00400188                __fini_array_start = .
 *(.fini_array)
 *(SORT_BY_NAME(.fini_array.*))
                0x00400188                __fini_array_end = .
 *crtbegin.o(.dtors)
 *(EXCLUDE_FILE(*crtend.o) .dtors)
 *(SORT_BY_NAME(.dtors.*))
 *crtend.o(.dtors)
                0x00400188                . = ALIGN (0x4)
                0x00400188                _efixed = .
                [!provide]                PROVIDE (__exidx_start = .)

.ARM.exidx      0x00400188        0x8
 *(.ARM.exidx* .gnu.linkonce.armexidx.*)
 .ARM.exidx     0x00400188        0x8 c:/program files/microchip/xc32/v4.00/bin/bin/../../lib/gcc/pic32c/8.3.1/thumb/v7e-m+dp/hard\libgcc.a(_udivmoddi4.o)
 *(.ARM.exidx* .gnu.linkonce.armexidx.*)
                [!provide]                PROVIDE (__exidx_end = .)
                0x00400190                . = ALIGN (0x4)
                0x20400000                _etext = .

.ram_nocache    0x2045f000        0x0
                0x2045f000                . = ALIGN (0x4)
                0x2045f000                _s_ram_nocache = .
 *(.ram_nocache)
                0x2045f000                . = ALIGN (0x4)
                0x2045f000                _e_ram_nocache = .
                0x2045f000                . = ALIGN (0x4)
                0x2045f000                _s_ram_nocache = .
 *(.ram_nocache)
                0x2045f000                . = ALIGN (0x4)
                0x2045f000                _e_ram_nocache = .

.ram_nocache_data
                0x2045f000        0x0 load address 0x00400190
                0x2045f000                . = ALIGN (0x4)
                0x2045f000                _s_ram_nocache_vma = .
                0x00400190                _s_ram_nocache_lma = LOADADDR (.ram_nocache_data)
 *(.ram_nocache_data)
                0x2045f000                . = ALIGN (0x4)
                0x2045f000                _e_ram_nocache_vma = .
                0x2045f000                . = ALIGN (0x4)
                0x2045f000                _s_ram_nocache_vma = .
                0x00400190                _s_ram_nocache_lma = LOADADDR (.ram_nocache_data)
 *(.ram_nocache_data)
                0x2045f000                . = ALIGN (0x4)
                0x2045f000                _e_ram_nocache_vma = .

.bss            0x20400000        0x0
                0x20400000                . = ALIGN (0x4)
                0x20400000                __bss_start__ = .
                0x20400000                _sbss = .
                0x20400000                _szero = .
 *(COMMON)
                0x20400000                . = ALIGN (0x4)
                0x20400000                __bss_end__ = .
                0x20400000                _ebss = .
                0x20400000                _ezero = .
                0x20400000                . = ALIGN (0x4)
                0x20400000                __bss_start__ = .
                0x20400000                _sbss = .
                0x20400000                _szero = .
 *(COMMON)
                0x20400000                . = ALIGN (0x4)
                0x20400000                __bss_end__ = .
                0x20400000                _ebss = .
                0x20400000                _ezero = .
                0x20400000                . = ALIGN (0x4)
                0x20400000                _end = .
                0x2045ffff                _ram_end_ = ((ORIGIN (ram) + LENGTH (ram)) - 0x1)
                0x00000200                _min_heap_size = 0x200
                0x00600000                __rom_end = (ORIGIN (rom) + LENGTH (rom))
                0x20460000                __ram_end = (ORIGIN (ram) + LENGTH (ram))
                [!provide]                PROVIDE (__exidx_start = .)
                [!provide]                PROVIDE (__exidx_end = .)
                0x20400000                . = ALIGN (0x4)
                0x20400000                _etext = .
                0x20400000                . = ALIGN (0x4)
                0x20400000                _end = .
                0x2045ffff                _ram_end_ = ((ORIGIN (ram) + LENGTH (ram)) - 0x1)
START GROUP
LOAD c:/program files/microchip/xc32/v4.00/bin/bin/../../lib/gcc/pic32c/8.3.1/../../../../pic32c/lib/thumb/v7e-m+dp/hard\libpic32c.a
LOAD c:/program files/microchip/xc32/v4.00/bin/bin/../../lib/gcc/pic32c/8.3.1/../../../../pic32c/lib/thumb/v7e-m+dp/hard\libm-emfloat.a
LOAD c:/program files/microchip/xc32/v4.00/bin/bin/../../lib/gcc/pic32c/8.3.1/../../../../pic32c/lib/thumb/v7e-m+dp/hard\libc-musl.a
LOAD c:/program files/microchip/xc32/v4.00/bin/bin/../../lib/gcc/pic32c/8.3.1/../../../../pic32c/lib/thumb/v7e-m+dp/hard\libm-emfloat.a
LOAD c:/program files/microchip/xc32/v4.00/bin/bin/../../lib/gcc/pic32c/8.3.1/thumb/v7e-m+dp/hard\libgcc.a
END GROUP
LOAD c:/program files/microchip/xc32/v4.00/bin/bin/../../lib/gcc/pic32c/8.3.1/thumb/v7e-m+dp/hard/crtend.o
LOAD c:/program files/microchip/xc32/v4.00/bin/bin/../../lib/gcc/pic32c/8.3.1/thumb/v7e-m+dp/hard/crtn.o
OUTPUT(dist/sam_v71_xult/production/sam_v71_xult.X.production.elf elf32-littlearm)
LOAD stack
LOAD data_init

.ARM.attributes
                0x00000000       0x32
 .ARM.attributes
                0x00000000       0x1e c:/program files/microchip/xc32/v4.00/bin/bin/../../lib/gcc/pic32c/8.3.1/thumb/v7e-m+dp/hard/crti.o
 .ARM.attributes
                0x0000001e       0x32 c:/program files/microchip/xc32/v4.00/bin/bin/../../lib/gcc/pic32c/8.3.1/thumb/v7e-m+dp/hard/crtbegin.o
 .ARM.attributes
                0x00000050       0x32 build/sam_v71_xult/production/_ext/1157990217/plib_clk.o
 .ARM.attributes
                0x00000082       0x32 build/sam_v71_xult/production/_ext/1157988489/plib_efc.o
 .ARM.attributes
                0x000000b4       0x32 build/sam_v71_xult/production/_ext/1537669298/plib_mcan1.o
 .ARM.attributes
                0x000000e6       0x32 build/sam_v71_xult/production/_ext/1157980473/plib_mpu.o
 .ARM.attributes
                0x00000118       0x32 build/sam_v71_xult/production/_ext/1537621011/plib_nvic.o
 .ARM.attributes
                0x0000014a       0x32 build/sam_v71_xult/production/_ext/1157977813/plib_pio.o
 .ARM.attributes
                0x0000017c       0x32 build/sam_v71_xult/production/_ext/415242918/plib_usart1.o
 .ARM.attributes
                0x000001ae       0x32 build/sam_v71_xult/production/_ext/1320227943/initialization.o
 .ARM.attributes
                0x000001e0       0x32 build/sam_v71_xult/production/_ext/1320227943/interrupts.o
 .ARM.attributes
                0x00000212       0x32 build/sam_v71_xult/production/_ext/1320227943/exceptions.o
 .ARM.attributes
                0x00000244       0x32 build/sam_v71_xult/production/_ext/1320227943/startup_xc32.o
 .ARM.attributes
                0x00000276       0x32 build/sam_v71_xult/production/_ext/1320227943/freertos_hooks.o
 .ARM.attributes
                0x000002a8       0x32 build/sam_v71_xult/production/_ext/1320227943/tasks.o
 .ARM.attributes
                0x000002da       0x32 build/sam_v71_xult/production/_ext/977623654/port.o
 .ARM.attributes
                0x0000030c       0x32 build/sam_v71_xult/production/_ext/1665200909/heap_1.o
 .ARM.attributes
                0x0000033e       0x32 build/sam_v71_xult/production/_ext/404212886/list.o
 .ARM.attributes
                0x00000370       0x32 build/sam_v71_xult/production/_ext/404212886/queue.o
 .ARM.attributes
                0x000003a2       0x32 build/sam_v71_xult/production/_ext/404212886/FreeRTOS_tasks.o
 .ARM.attributes
                0x000003d4       0x32 build/sam_v71_xult/production/_ext/1360937237/main_v71.o
 .ARM.attributes
                0x00000406       0x32 build/sam_v71_xult/production/_ext/1360937237/tarea_principal.o
 .ARM.attributes
                0x00000438       0x32 build/sam_v71_xult/production/_ext/1563530619/mcan_fd_interrupt.o
 .ARM.attributes
                0x0000046a       0x32 build/sam_v71_xult/production/_ext/1522961716/Uart1_FreeRTOS.o
 .ARM.attributes
                0x0000049c       0x32 c:/program files/microchip/xc32/v4.00/bin/bin/../../lib/gcc/pic32c/8.3.1/../../../../pic32c/lib/thumb/v7e-m+dp/hard\libpic32c.a(data_init.o)
 .ARM.attributes
                0x000004ce       0x34 c:/program files/microchip/xc32/v4.00/bin/bin/../../lib/gcc/pic32c/8.3.1/../../../../pic32c/lib/thumb/v7e-m+dp/hard\libc-musl.a(__libc_start_main.o)
 .ARM.attributes
                0x00000502       0x32 c:/program files/microchip/xc32/v4.00/bin/bin/../../lib/gcc/pic32c/8.3.1/../../../../pic32c/lib/thumb/v7e-m+dp/hard\libc-musl.a(libc.o)
 .ARM.attributes
                0x00000534       0x34 c:/program files/microchip/xc32/v4.00/bin/bin/../../lib/gcc/pic32c/8.3.1/../../../../pic32c/lib/thumb/v7e-m+dp/hard\libc-musl.a(__sio_sprintf_doux.o)
 .ARM.attributes
                0x00000568       0x34 c:/program files/microchip/xc32/v4.00/bin/bin/../../lib/gcc/pic32c/8.3.1/../../../../pic32c/lib/thumb/v7e-m+dp/hard\libc-musl.a(__fmt_d.o)
 .ARM.attributes
                0x0000059c       0x34 c:/program files/microchip/xc32/v4.00/bin/bin/../../lib/gcc/pic32c/8.3.1/../../../../pic32c/lib/thumb/v7e-m+dp/hard\libc-musl.a(__fmt_o.o)
 .ARM.attributes
                0x000005d0       0x34 c:/program files/microchip/xc32/v4.00/bin/bin/../../lib/gcc/pic32c/8.3.1/../../../../pic32c/lib/thumb/v7e-m+dp/hard\libc-musl.a(__fmt_s.o)
 .ARM.attributes
                0x00000604       0x34 c:/program files/microchip/xc32/v4.00/bin/bin/../../lib/gcc/pic32c/8.3.1/../../../../pic32c/lib/thumb/v7e-m+dp/hard\libc-musl.a(__fmt_u.o)
 .ARM.attributes
                0x00000638       0x34 c:/program files/microchip/xc32/v4.00/bin/bin/../../lib/gcc/pic32c/8.3.1/../../../../pic32c/lib/thumb/v7e-m+dp/hard\libc-musl.a(__fmt_x.o)
 .ARM.attributes
                0x0000066c       0x34 c:/program files/microchip/xc32/v4.00/bin/bin/../../lib/gcc/pic32c/8.3.1/../../../../pic32c/lib/thumb/v7e-m+dp/hard\libc-musl.a(__printf_core.o)
 .ARM.attributes
                0x000006a0       0x34 c:/program files/microchip/xc32/v4.00/bin/bin/../../lib/gcc/pic32c/8.3.1/../../../../pic32c/lib/thumb/v7e-m+dp/hard\libc-musl.a(atoi.o)
 .ARM.attributes
                0x000006d4       0x34 c:/program files/microchip/xc32/v4.00/bin/bin/../../lib/gcc/pic32c/8.3.1/../../../../pic32c/lib/thumb/v7e-m+dp/hard\libc-musl.a(memcpy.o)
 .ARM.attributes
                0x00000708       0x34 c:/program files/microchip/xc32/v4.00/bin/bin/../../lib/gcc/pic32c/8.3.1/../../../../pic32c/lib/thumb/v7e-m+dp/hard\libc-musl.a(memset.o)
 .ARM.attributes
                0x0000073c       0x34 c:/program files/microchip/xc32/v4.00/bin/bin/../../lib/gcc/pic32c/8.3.1/../../../../pic32c/lib/thumb/v7e-m+dp/hard\libc-musl.a(strlen.o)
 .ARM.attributes
                0x00000770       0x34 c:/program files/microchip/xc32/v4.00/bin/bin/../../lib/gcc/pic32c/8.3.1/../../../../pic32c/lib/thumb/v7e-m+dp/hard\libc-musl.a(tolower.o)
 .ARM.attributes
                0x000007a4       0x34 c:/program files/microchip/xc32/v4.00/bin/bin/../../lib/gcc/pic32c/8.3.1/../../../../pic32c/lib/thumb/v7e-m+dp/hard\libc-musl.a(toupper.o)
 .ARM.attributes
                0x000007d8       0x32 c:/program files/microchip/xc32/v4.00/bin/bin/../../lib/gcc/pic32c/8.3.1/../../../../pic32c/lib/thumb/v7e-m+dp/hard\libc-musl.a(__environ.o)
 .ARM.attributes
                0x0000080a       0x32 c:/program files/microchip/xc32/v4.00/bin/bin/../../lib/gcc/pic32c/8.3.1/../../../../pic32c/lib/thumb/v7e-m+dp/hard\libc-musl.a(__errno_location.o)
 .ARM.attributes
                0x0000083c       0x34 c:/program files/microchip/xc32/v4.00/bin/bin/../../lib/gcc/pic32c/8.3.1/../../../../pic32c/lib/thumb/v7e-m+dp/hard\libc-musl.a(__int_vsprintf.o)
 .ARM.attributes
                0x00000870       0x34 c:/program files/microchip/xc32/v4.00/bin/bin/../../lib/gcc/pic32c/8.3.1/../../../../pic32c/lib/thumb/v7e-m+dp/hard\libc-musl.a(__pop_float.o)
 .ARM.attributes
                0x000008a4       0x34 c:/program files/microchip/xc32/v4.00/bin/bin/../../lib/gcc/pic32c/8.3.1/../../../../pic32c/lib/thumb/v7e-m+dp/hard\libc-musl.a(__pop_int.o)
 .ARM.attributes
                0x000008d8       0x34 c:/program files/microchip/xc32/v4.00/bin/bin/../../lib/gcc/pic32c/8.3.1/../../../../pic32c/lib/thumb/v7e-m+dp/hard\libc-musl.a(__pop_ptr.o)
 .ARM.attributes
                0x0000090c       0x34 c:/program files/microchip/xc32/v4.00/bin/bin/../../lib/gcc/pic32c/8.3.1/../../../../pic32c/lib/thumb/v7e-m+dp/hard\libc-musl.a(__int_vsnprintf.o)
 .ARM.attributes
                0x00000940       0x34 c:/program files/microchip/xc32/v4.00/bin/bin/../../lib/gcc/pic32c/8.3.1/../../../../pic32c/lib/thumb/v7e-m+dp/hard\libc-musl.a(__int_vfprintf.o)
 .ARM.attributes
                0x00000974       0x1e c:/program files/microchip/xc32/v4.00/bin/bin/../../lib/gcc/pic32c/8.3.1/thumb/v7e-m+dp/hard\libgcc.a(_aeabi_uldivmod.o)
 .ARM.attributes
                0x00000992       0x32 c:/program files/microchip/xc32/v4.00/bin/bin/../../lib/gcc/pic32c/8.3.1/thumb/v7e-m+dp/hard\libgcc.a(_udivmoddi4.o)
 .ARM.attributes
                0x000009c4       0x1e c:/program files/microchip/xc32/v4.00/bin/bin/../../lib/gcc/pic32c/8.3.1/thumb/v7e-m+dp/hard\libgcc.a(_dvmd_tls.o)
 .ARM.attributes
                0x000009e2       0x1e c:/program files/microchip/xc32/v4.00/bin/bin/../../lib/gcc/pic32c/8.3.1/thumb/v7e-m+dp/hard/crtn.o

.comment        0x00000000       0x53
 .comment       0x00000000       0x53 c:/program files/microchip/xc32/v4.00/bin/bin/../../lib/gcc/pic32c/8.3.1/thumb/v7e-m+dp/hard/crtbegin.o
                                 0x54 (size before relaxing)
 .comment       0x00000053       0x54 build/sam_v71_xult/production/_ext/1157990217/plib_clk.o
 .comment       0x00000053       0x54 build/sam_v71_xult/production/_ext/1157988489/plib_efc.o
 .comment       0x00000053       0x54 build/sam_v71_xult/production/_ext/1537669298/plib_mcan1.o
 .comment       0x00000053       0x54 build/sam_v71_xult/production/_ext/1157980473/plib_mpu.o
 .comment       0x00000053       0x54 build/sam_v71_xult/production/_ext/1537621011/plib_nvic.o
 .comment       0x00000053       0x54 build/sam_v71_xult/production/_ext/1157977813/plib_pio.o
 .comment       0x00000053       0x54 build/sam_v71_xult/production/_ext/415242918/plib_usart1.o
 .comment       0x00000053       0x54 build/sam_v71_xult/production/_ext/1320227943/initialization.o
 .comment       0x00000053       0x54 build/sam_v71_xult/production/_ext/1320227943/interrupts.o
 .comment       0x00000053       0x54 build/sam_v71_xult/production/_ext/1320227943/exceptions.o
 .comment       0x00000053       0x54 build/sam_v71_xult/production/_ext/1320227943/startup_xc32.o
 .comment       0x00000053       0x54 build/sam_v71_xult/production/_ext/1320227943/freertos_hooks.o
 .comment       0x00000053       0x54 build/sam_v71_xult/production/_ext/1320227943/tasks.o
 .comment       0x00000053       0x54 build/sam_v71_xult/production/_ext/977623654/port.o
 .comment       0x00000053       0x54 build/sam_v71_xult/production/_ext/1665200909/heap_1.o
 .comment       0x00000053       0x54 build/sam_v71_xult/production/_ext/404212886/list.o
 .comment       0x00000053       0x54 build/sam_v71_xult/production/_ext/404212886/queue.o
 .comment       0x00000053       0x54 build/sam_v71_xult/production/_ext/404212886/FreeRTOS_tasks.o
 .comment       0x00000053       0x54 build/sam_v71_xult/production/_ext/1360937237/main_v71.o
 .comment       0x00000053       0x54 build/sam_v71_xult/production/_ext/1360937237/tarea_principal.o
 .comment       0x00000053       0x54 build/sam_v71_xult/production/_ext/1563530619/mcan_fd_interrupt.o
 .comment       0x00000053       0x54 build/sam_v71_xult/production/_ext/1522961716/Uart1_FreeRTOS.o
 .comment       0x00000053       0x54 c:/program files/microchip/xc32/v4.00/bin/bin/../../lib/gcc/pic32c/8.3.1/../../../../pic32c/lib/thumb/v7e-m+dp/hard\libpic32c.a(data_init.o)
 .comment       0x00000053       0x54 c:/program files/microchip/xc32/v4.00/bin/bin/../../lib/gcc/pic32c/8.3.1/../../../../pic32c/lib/thumb/v7e-m+dp/hard\libc-musl.a(__libc_start_main.o)
 .comment       0x00000053       0x54 c:/program files/microchip/xc32/v4.00/bin/bin/../../lib/gcc/pic32c/8.3.1/../../../../pic32c/lib/thumb/v7e-m+dp/hard\libc-musl.a(libc.o)
 .comment       0x00000053       0x54 c:/program files/microchip/xc32/v4.00/bin/bin/../../lib/gcc/pic32c/8.3.1/../../../../pic32c/lib/thumb/v7e-m+dp/hard\libc-musl.a(__sio_sprintf_doux.o)
 .comment       0x00000053       0x54 c:/program files/microchip/xc32/v4.00/bin/bin/../../lib/gcc/pic32c/8.3.1/../../../../pic32c/lib/thumb/v7e-m+dp/hard\libc-musl.a(__fmt_d.o)
 .comment       0x00000053       0x54 c:/program files/microchip/xc32/v4.00/bin/bin/../../lib/gcc/pic32c/8.3.1/../../../../pic32c/lib/thumb/v7e-m+dp/hard\libc-musl.a(__fmt_o.o)
 .comment       0x00000053       0x54 c:/program files/microchip/xc32/v4.00/bin/bin/../../lib/gcc/pic32c/8.3.1/../../../../pic32c/lib/thumb/v7e-m+dp/hard\libc-musl.a(__fmt_s.o)
 .comment       0x00000053       0x54 c:/program files/microchip/xc32/v4.00/bin/bin/../../lib/gcc/pic32c/8.3.1/../../../../pic32c/lib/thumb/v7e-m+dp/hard\libc-musl.a(__fmt_u.o)
 .comment       0x00000053       0x54 c:/program files/microchip/xc32/v4.00/bin/bin/../../lib/gcc/pic32c/8.3.1/../../../../pic32c/lib/thumb/v7e-m+dp/hard\libc-musl.a(__fmt_x.o)
 .comment       0x00000053       0x54 c:/program files/microchip/xc32/v4.00/bin/bin/../../lib/gcc/pic32c/8.3.1/../../../../pic32c/lib/thumb/v7e-m+dp/hard\libc-musl.a(__printf_core.o)
 .comment       0x00000053       0x54 c:/program files/microchip/xc32/v4.00/bin/bin/../../lib/gcc/pic32c/8.3.1/../../../../pic32c/lib/thumb/v7e-m+dp/hard\libc-musl.a(atoi.o)
 .comment       0x00000053       0x54 c:/program files/microchip/xc32/v4.00/bin/bin/../../lib/gcc/pic32c/8.3.1/../../../../pic32c/lib/thumb/v7e-m+dp/hard\libc-musl.a(memcpy.o)
 .comment       0x00000053       0x54 c:/program files/microchip/xc32/v4.00/bin/bin/../../lib/gcc/pic32c/8.3.1/../../../../pic32c/lib/thumb/v7e-m+dp/hard\libc-musl.a(memset.o)
 .comment       0x00000053       0x54 c:/program files/microchip/xc32/v4.00/bin/bin/../../lib/gcc/pic32c/8.3.1/../../../../pic32c/lib/thumb/v7e-m+dp/hard\libc-musl.a(strlen.o)
 .comment       0x00000053       0x54 c:/program files/microchip/xc32/v4.00/bin/bin/../../lib/gcc/pic32c/8.3.1/../../../../pic32c/lib/thumb/v7e-m+dp/hard\libc-musl.a(tolower.o)
 .comment       0x00000053       0x54 c:/program files/microchip/xc32/v4.00/bin/bin/../../lib/gcc/pic32c/8.3.1/../../../../pic32c/lib/thumb/v7e-m+dp/hard\libc-musl.a(toupper.o)
 .comment       0x00000053       0x54 c:/program files/microchip/xc32/v4.00/bin/bin/../../lib/gcc/pic32c/8.3.1/../../../../pic32c/lib/thumb/v7e-m+dp/hard\libc-musl.a(__environ.o)
 .comment       0x00000053       0x54 c:/program files/microchip/xc32/v4.00/bin/bin/../../lib/gcc/pic32c/8.3.1/../../../../pic32c/lib/thumb/v7e-m+dp/hard\libc-musl.a(__errno_location.o)
 .comment       0x00000053       0x54 c:/program files/microchip/xc32/v4.00/bin/bin/../../lib/gcc/pic32c/8.3.1/../../../../pic32c/lib/thumb/v7e-m+dp/hard\libc-musl.a(__int_vsprintf.o)
 .comment       0x00000053       0x54 c:/program files/microchip/xc32/v4.00/bin/bin/../../lib/gcc/pic32c/8.3.1/../../../../pic32c/lib/thumb/v7e-m+dp/hard\libc-musl.a(__pop_float.o)
 .comment       0x00000053       0x54 c:/program files/microchip/xc32/v4.00/bin/bin/../../lib/gcc/pic32c/8.3.1/../../../../pic32c/lib/thumb/v7e-m+dp/hard\libc-musl.a(__pop_int.o)
 .comment       0x00000053       0x54 c:/program files/microchip/xc32/v4.00/bin/bin/../../lib/gcc/pic32c/8.3.1/../../../../pic32c/lib/thumb/v7e-m+dp/hard\libc-musl.a(__pop_ptr.o)
 .comment       0x00000053       0x54 c:/program files/microchip/xc32/v4.00/bin/bin/../../lib/gcc/pic32c/8.3.1/../../../../pic32c/lib/thumb/v7e-m+dp/hard\libc-musl.a(__int_vsnprintf.o)
 .comment       0x00000053       0x54 c:/program files/microchip/xc32/v4.00/bin/bin/../../lib/gcc/pic32c/8.3.1/../../../../pic32c/lib/thumb/v7e-m+dp/hard\libc-musl.a(__int_vfprintf.o)
 .comment       0x00000053       0x54 c:/program files/microchip/xc32/v4.00/bin/bin/../../lib/gcc/pic32c/8.3.1/thumb/v7e-m+dp/hard\libgcc.a(_udivmoddi4.o)

.debug_info     0x00000000    0x1f547
 .debug_info    0x00000000      0x8c6 build/sam_v71_xult/production/_ext/1157990217/plib_clk.o
 .debug_info    0x000008c6      0x811 build/sam_v71_xult/production/_ext/1157988489/plib_efc.o
 .debug_info    0x000010d7     0x2306 build/sam_v71_xult/production/_ext/1537669298/plib_mcan1.o
 .debug_info    0x000033dd      0x92e build/sam_v71_xult/production/_ext/1157980473/plib_mpu.o
 .debug_info    0x00003d0b     0x1209 build/sam_v71_xult/production/_ext/1537621011/plib_nvic.o
 .debug_info    0x00004f14      0xf5b build/sam_v71_xult/production/_ext/1157977813/plib_pio.o
 .debug_info    0x00005e6f     0x1852 build/sam_v71_xult/production/_ext/415242918/plib_usart1.o
 .debug_info    0x000076c1      0x4e5 build/sam_v71_xult/production/_ext/1320227943/initialization.o
 .debug_info    0x00007ba6      0xe21 build/sam_v71_xult/production/_ext/1320227943/interrupts.o
 .debug_info    0x000089c7      0x41b build/sam_v71_xult/production/_ext/1320227943/exceptions.o
 .debug_info    0x00008de2      0xe14 build/sam_v71_xult/production/_ext/1320227943/startup_xc32.o
 .debug_info    0x00009bf6      0x53e build/sam_v71_xult/production/_ext/1320227943/freertos_hooks.o
 .debug_info    0x0000a134      0x493 build/sam_v71_xult/production/_ext/1320227943/tasks.o
 .debug_info    0x0000a5c7      0x78e build/sam_v71_xult/production/_ext/977623654/port.o
 .debug_info    0x0000ad55      0x4b9 build/sam_v71_xult/production/_ext/1665200909/heap_1.o
 .debug_info    0x0000b20e      0x641 build/sam_v71_xult/production/_ext/404212886/list.o
 .debug_info    0x0000b84f     0x2153 build/sam_v71_xult/production/_ext/404212886/queue.o
 .debug_info    0x0000d9a2     0x2e00 build/sam_v71_xult/production/_ext/404212886/FreeRTOS_tasks.o
 .debug_info    0x000107a2      0x371 build/sam_v71_xult/production/_ext/1360937237/main_v71.o
 .debug_info    0x00010b13     0x1004 build/sam_v71_xult/production/_ext/1360937237/tarea_principal.o
 .debug_info    0x00011b17      0xcfb build/sam_v71_xult/production/_ext/1563530619/mcan_fd_interrupt.o
 .debug_info    0x00012812      0xae0 build/sam_v71_xult/production/_ext/1522961716/Uart1_FreeRTOS.o
 .debug_info    0x000132f2      0x2e1 c:/program files/microchip/xc32/v4.00/bin/bin/../../lib/gcc/pic32c/8.3.1/../../../../pic32c/lib/thumb/v7e-m+dp/hard\libpic32c.a(data_init.o)
 .debug_info    0x000135d3      0x6b9 c:/program files/microchip/xc32/v4.00/bin/bin/../../lib/gcc/pic32c/8.3.1/../../../../pic32c/lib/thumb/v7e-m+dp/hard\libc-musl.a(__libc_start_main.o)
 .debug_info    0x00013c8c      0x5e5 c:/program files/microchip/xc32/v4.00/bin/bin/../../lib/gcc/pic32c/8.3.1/../../../../pic32c/lib/thumb/v7e-m+dp/hard\libc-musl.a(libc.o)
 .debug_info    0x00014271      0x757 c:/program files/microchip/xc32/v4.00/bin/bin/../../lib/gcc/pic32c/8.3.1/../../../../pic32c/lib/thumb/v7e-m+dp/hard\libc-musl.a(__sio_sprintf_doux.o)
 .debug_info    0x000149c8      0x8c2 c:/program files/microchip/xc32/v4.00/bin/bin/../../lib/gcc/pic32c/8.3.1/../../../../pic32c/lib/thumb/v7e-m+dp/hard\libc-musl.a(__fmt_d.o)
 .debug_info    0x0001528a      0x893 c:/program files/microchip/xc32/v4.00/bin/bin/../../lib/gcc/pic32c/8.3.1/../../../../pic32c/lib/thumb/v7e-m+dp/hard\libc-musl.a(__fmt_o.o)
 .debug_info    0x00015b1d      0x839 c:/program files/microchip/xc32/v4.00/bin/bin/../../lib/gcc/pic32c/8.3.1/../../../../pic32c/lib/thumb/v7e-m+dp/hard\libc-musl.a(__fmt_s.o)
 .debug_info    0x00016356      0x960 c:/program files/microchip/xc32/v4.00/bin/bin/../../lib/gcc/pic32c/8.3.1/../../../../pic32c/lib/thumb/v7e-m+dp/hard\libc-musl.a(__fmt_u.o)
 .debug_info    0x00016cb6      0x8f9 c:/program files/microchip/xc32/v4.00/bin/bin/../../lib/gcc/pic32c/8.3.1/../../../../pic32c/lib/thumb/v7e-m+dp/hard\libc-musl.a(__fmt_x.o)
 .debug_info    0x000175af     0x101d c:/program files/microchip/xc32/v4.00/bin/bin/../../lib/gcc/pic32c/8.3.1/../../../../pic32c/lib/thumb/v7e-m+dp/hard\libc-musl.a(__printf_core.o)
 .debug_info    0x000185cc      0x328 c:/program files/microchip/xc32/v4.00/bin/bin/../../lib/gcc/pic32c/8.3.1/../../../../pic32c/lib/thumb/v7e-m+dp/hard\libc-musl.a(atoi.o)
 .debug_info    0x000188f4      0x324 c:/program files/microchip/xc32/v4.00/bin/bin/../../lib/gcc/pic32c/8.3.1/../../../../pic32c/lib/thumb/v7e-m+dp/hard\libc-musl.a(memcpy.o)
 .debug_info    0x00018c18      0x2e2 c:/program files/microchip/xc32/v4.00/bin/bin/../../lib/gcc/pic32c/8.3.1/../../../../pic32c/lib/thumb/v7e-m+dp/hard\libc-musl.a(memset.o)
 .debug_info    0x00018efa      0x2d3 c:/program files/microchip/xc32/v4.00/bin/bin/../../lib/gcc/pic32c/8.3.1/../../../../pic32c/lib/thumb/v7e-m+dp/hard\libc-musl.a(strlen.o)
 .debug_info    0x000191cd      0x603 c:/program files/microchip/xc32/v4.00/bin/bin/../../lib/gcc/pic32c/8.3.1/../../../../pic32c/lib/thumb/v7e-m+dp/hard\libc-musl.a(tolower.o)
 .debug_info    0x000197d0      0x603 c:/program files/microchip/xc32/v4.00/bin/bin/../../lib/gcc/pic32c/8.3.1/../../../../pic32c/lib/thumb/v7e-m+dp/hard\libc-musl.a(toupper.o)
 .debug_info    0x00019dd3      0x59c c:/program files/microchip/xc32/v4.00/bin/bin/../../lib/gcc/pic32c/8.3.1/../../../../pic32c/lib/thumb/v7e-m+dp/hard\libc-musl.a(__environ.o)
 .debug_info    0x0001a36f      0x580 c:/program files/microchip/xc32/v4.00/bin/bin/../../lib/gcc/pic32c/8.3.1/../../../../pic32c/lib/thumb/v7e-m+dp/hard\libc-musl.a(__errno_location.o)
 .debug_info    0x0001a8ef      0x6a9 c:/program files/microchip/xc32/v4.00/bin/bin/../../lib/gcc/pic32c/8.3.1/../../../../pic32c/lib/thumb/v7e-m+dp/hard\libc-musl.a(__int_vsprintf.o)
 .debug_info    0x0001af98      0x766 c:/program files/microchip/xc32/v4.00/bin/bin/../../lib/gcc/pic32c/8.3.1/../../../../pic32c/lib/thumb/v7e-m+dp/hard\libc-musl.a(__pop_float.o)
 .debug_info    0x0001b6fe      0x78a c:/program files/microchip/xc32/v4.00/bin/bin/../../lib/gcc/pic32c/8.3.1/../../../../pic32c/lib/thumb/v7e-m+dp/hard\libc-musl.a(__pop_int.o)
 .debug_info    0x0001be88      0x781 c:/program files/microchip/xc32/v4.00/bin/bin/../../lib/gcc/pic32c/8.3.1/../../../../pic32c/lib/thumb/v7e-m+dp/hard\libc-musl.a(__pop_ptr.o)
 .debug_info    0x0001c609      0x783 c:/program files/microchip/xc32/v4.00/bin/bin/../../lib/gcc/pic32c/8.3.1/../../../../pic32c/lib/thumb/v7e-m+dp/hard\libc-musl.a(__int_vsnprintf.o)
 .debug_info    0x0001cd8c      0x77f c:/program files/microchip/xc32/v4.00/bin/bin/../../lib/gcc/pic32c/8.3.1/../../../../pic32c/lib/thumb/v7e-m+dp/hard\libc-musl.a(__int_vfprintf.o)
 .debug_info    0x0001d50b       0x26 c:/program files/microchip/xc32/v4.00/bin/bin/../../lib/gcc/pic32c/8.3.1/thumb/v7e-m+dp/hard\libgcc.a(_aeabi_uldivmod.o)
 .debug_info    0x0001d531     0x1ff0 c:/program files/microchip/xc32/v4.00/bin/bin/../../lib/gcc/pic32c/8.3.1/thumb/v7e-m+dp/hard\libgcc.a(_udivmoddi4.o)
 .debug_info    0x0001f521       0x26 c:/program files/microchip/xc32/v4.00/bin/bin/../../lib/gcc/pic32c/8.3.1/thumb/v7e-m+dp/hard\libgcc.a(_dvmd_tls.o)

.debug_abbrev   0x00000000     0x4654
 .debug_abbrev  0x00000000       0xd5 build/sam_v71_xult/production/_ext/1157990217/plib_clk.o
 .debug_abbrev  0x000000d5      0x211 build/sam_v71_xult/production/_ext/1157988489/plib_efc.o
 .debug_abbrev  0x000002e6      0x3cb build/sam_v71_xult/production/_ext/1537669298/plib_mcan1.o
 .debug_abbrev  0x000006b1       0xe4 build/sam_v71_xult/production/_ext/1157980473/plib_mpu.o
 .debug_abbrev  0x00000795      0x208 build/sam_v71_xult/production/_ext/1537621011/plib_nvic.o
 .debug_abbrev  0x0000099d      0x19c build/sam_v71_xult/production/_ext/1157977813/plib_pio.o
 .debug_abbrev  0x00000b39      0x471 build/sam_v71_xult/production/_ext/415242918/plib_usart1.o
 .debug_abbrev  0x00000faa       0xd6 build/sam_v71_xult/production/_ext/1320227943/initialization.o
 .debug_abbrev  0x00001080       0xcf build/sam_v71_xult/production/_ext/1320227943/interrupts.o
 .debug_abbrev  0x0000114f       0x67 build/sam_v71_xult/production/_ext/1320227943/exceptions.o
 .debug_abbrev  0x000011b6      0x24f build/sam_v71_xult/production/_ext/1320227943/startup_xc32.o
 .debug_abbrev  0x00001405      0x14e build/sam_v71_xult/production/_ext/1320227943/freertos_hooks.o
 .debug_abbrev  0x00001553      0x102 build/sam_v71_xult/production/_ext/1320227943/tasks.o
 .debug_abbrev  0x00001655      0x23e build/sam_v71_xult/production/_ext/977623654/port.o
 .debug_abbrev  0x00001893      0x13a build/sam_v71_xult/production/_ext/1665200909/heap_1.o
 .debug_abbrev  0x000019cd      0x15e build/sam_v71_xult/production/_ext/404212886/list.o
 .debug_abbrev  0x00001b2b      0x399 build/sam_v71_xult/production/_ext/404212886/queue.o
 .debug_abbrev  0x00001ec4      0x441 build/sam_v71_xult/production/_ext/404212886/FreeRTOS_tasks.o
 .debug_abbrev  0x00002305       0xa0 build/sam_v71_xult/production/_ext/1360937237/main_v71.o
 .debug_abbrev  0x000023a5      0x1fe build/sam_v71_xult/production/_ext/1360937237/tarea_principal.o
 .debug_abbrev  0x000025a3      0x1cf build/sam_v71_xult/production/_ext/1563530619/mcan_fd_interrupt.o
 .debug_abbrev  0x00002772      0x1f8 build/sam_v71_xult/production/_ext/1522961716/Uart1_FreeRTOS.o
 .debug_abbrev  0x0000296a       0x2e c:/program files/microchip/xc32/v4.00/bin/bin/../../lib/gcc/pic32c/8.3.1/../../../../pic32c/lib/thumb/v7e-m+dp/hard\libpic32c.a(data_init.o)
 .debug_abbrev  0x00002998      0x126 c:/program files/microchip/xc32/v4.00/bin/bin/../../lib/gcc/pic32c/8.3.1/../../../../pic32c/lib/thumb/v7e-m+dp/hard\libc-musl.a(__libc_start_main.o)
 .debug_abbrev  0x00002abe       0xc7 c:/program files/microchip/xc32/v4.00/bin/bin/../../lib/gcc/pic32c/8.3.1/../../../../pic32c/lib/thumb/v7e-m+dp/hard\libc-musl.a(libc.o)
 .debug_abbrev  0x00002b85      0x194 c:/program files/microchip/xc32/v4.00/bin/bin/../../lib/gcc/pic32c/8.3.1/../../../../pic32c/lib/thumb/v7e-m+dp/hard\libc-musl.a(__sio_sprintf_doux.o)
 .debug_abbrev  0x00002d19      0x16f c:/program files/microchip/xc32/v4.00/bin/bin/../../lib/gcc/pic32c/8.3.1/../../../../pic32c/lib/thumb/v7e-m+dp/hard\libc-musl.a(__fmt_d.o)
 .debug_abbrev  0x00002e88      0x16f c:/program files/microchip/xc32/v4.00/bin/bin/../../lib/gcc/pic32c/8.3.1/../../../../pic32c/lib/thumb/v7e-m+dp/hard\libc-musl.a(__fmt_o.o)
 .debug_abbrev  0x00002ff7      0x14f c:/program files/microchip/xc32/v4.00/bin/bin/../../lib/gcc/pic32c/8.3.1/../../../../pic32c/lib/thumb/v7e-m+dp/hard\libc-musl.a(__fmt_s.o)
 .debug_abbrev  0x00003146      0x1b2 c:/program files/microchip/xc32/v4.00/bin/bin/../../lib/gcc/pic32c/8.3.1/../../../../pic32c/lib/thumb/v7e-m+dp/hard\libc-musl.a(__fmt_u.o)
 .debug_abbrev  0x000032f8      0x15e c:/program files/microchip/xc32/v4.00/bin/bin/../../lib/gcc/pic32c/8.3.1/../../../../pic32c/lib/thumb/v7e-m+dp/hard\libc-musl.a(__fmt_x.o)
 .debug_abbrev  0x00003456      0x2e8 c:/program files/microchip/xc32/v4.00/bin/bin/../../lib/gcc/pic32c/8.3.1/../../../../pic32c/lib/thumb/v7e-m+dp/hard\libc-musl.a(__printf_core.o)
 .debug_abbrev  0x0000373e       0xbb c:/program files/microchip/xc32/v4.00/bin/bin/../../lib/gcc/pic32c/8.3.1/../../../../pic32c/lib/thumb/v7e-m+dp/hard\libc-musl.a(atoi.o)
 .debug_abbrev  0x000037f9       0x9c c:/program files/microchip/xc32/v4.00/bin/bin/../../lib/gcc/pic32c/8.3.1/../../../../pic32c/lib/thumb/v7e-m+dp/hard\libc-musl.a(memcpy.o)
 .debug_abbrev  0x00003895       0x97 c:/program files/microchip/xc32/v4.00/bin/bin/../../lib/gcc/pic32c/8.3.1/../../../../pic32c/lib/thumb/v7e-m+dp/hard\libc-musl.a(memset.o)
 .debug_abbrev  0x0000392c       0x86 c:/program files/microchip/xc32/v4.00/bin/bin/../../lib/gcc/pic32c/8.3.1/../../../../pic32c/lib/thumb/v7e-m+dp/hard\libc-musl.a(strlen.o)
 .debug_abbrev  0x000039b2      0x126 c:/program files/microchip/xc32/v4.00/bin/bin/../../lib/gcc/pic32c/8.3.1/../../../../pic32c/lib/thumb/v7e-m+dp/hard\libc-musl.a(tolower.o)
 .debug_abbrev  0x00003ad8      0x126 c:/program files/microchip/xc32/v4.00/bin/bin/../../lib/gcc/pic32c/8.3.1/../../../../pic32c/lib/thumb/v7e-m+dp/hard\libc-musl.a(toupper.o)
 .debug_abbrev  0x00003bfe       0xc7 c:/program files/microchip/xc32/v4.00/bin/bin/../../lib/gcc/pic32c/8.3.1/../../../../pic32c/lib/thumb/v7e-m+dp/hard\libc-musl.a(__environ.o)
 .debug_abbrev  0x00003cc5       0xba c:/program files/microchip/xc32/v4.00/bin/bin/../../lib/gcc/pic32c/8.3.1/../../../../pic32c/lib/thumb/v7e-m+dp/hard\libc-musl.a(__errno_location.o)
 .debug_abbrev  0x00003d7f      0x129 c:/program files/microchip/xc32/v4.00/bin/bin/../../lib/gcc/pic32c/8.3.1/../../../../pic32c/lib/thumb/v7e-m+dp/hard\libc-musl.a(__int_vsprintf.o)
 .debug_abbrev  0x00003ea8      0x11b c:/program files/microchip/xc32/v4.00/bin/bin/../../lib/gcc/pic32c/8.3.1/../../../../pic32c/lib/thumb/v7e-m+dp/hard\libc-musl.a(__pop_float.o)
 .debug_abbrev  0x00003fc3      0x11b c:/program files/microchip/xc32/v4.00/bin/bin/../../lib/gcc/pic32c/8.3.1/../../../../pic32c/lib/thumb/v7e-m+dp/hard\libc-musl.a(__pop_int.o)
 .debug_abbrev  0x000040de      0x12c c:/program files/microchip/xc32/v4.00/bin/bin/../../lib/gcc/pic32c/8.3.1/../../../../pic32c/lib/thumb/v7e-m+dp/hard\libc-musl.a(__pop_ptr.o)
 .debug_abbrev  0x0000420a      0x137 c:/program files/microchip/xc32/v4.00/bin/bin/../../lib/gcc/pic32c/8.3.1/../../../../pic32c/lib/thumb/v7e-m+dp/hard\libc-musl.a(__int_vsnprintf.o)
 .debug_abbrev  0x00004341      0x159 c:/program files/microchip/xc32/v4.00/bin/bin/../../lib/gcc/pic32c/8.3.1/../../../../pic32c/lib/thumb/v7e-m+dp/hard\libc-musl.a(__int_vfprintf.o)
 .debug_abbrev  0x0000449a       0x14 c:/program files/microchip/xc32/v4.00/bin/bin/../../lib/gcc/pic32c/8.3.1/thumb/v7e-m+dp/hard\libgcc.a(_aeabi_uldivmod.o)
 .debug_abbrev  0x000044ae      0x192 c:/program files/microchip/xc32/v4.00/bin/bin/../../lib/gcc/pic32c/8.3.1/thumb/v7e-m+dp/hard\libgcc.a(_udivmoddi4.o)
 .debug_abbrev  0x00004640       0x14 c:/program files/microchip/xc32/v4.00/bin/bin/../../lib/gcc/pic32c/8.3.1/thumb/v7e-m+dp/hard\libgcc.a(_dvmd_tls.o)

.debug_aranges  0x00000000      0xb80
 .debug_aranges
                0x00000000       0x20 build/sam_v71_xult/production/_ext/1157990217/plib_clk.o
 .debug_aranges
                0x00000020       0x60 build/sam_v71_xult/production/_ext/1157988489/plib_efc.o
 .debug_aranges
                0x00000080       0xb8 build/sam_v71_xult/production/_ext/1537669298/plib_mcan1.o
 .debug_aranges
                0x00000138       0x20 build/sam_v71_xult/production/_ext/1157980473/plib_mpu.o
 .debug_aranges
                0x00000158       0x38 build/sam_v71_xult/production/_ext/1537621011/plib_nvic.o
 .debug_aranges
                0x00000190       0x60 build/sam_v71_xult/production/_ext/1157977813/plib_pio.o
 .debug_aranges
                0x000001f0       0xb0 build/sam_v71_xult/production/_ext/415242918/plib_usart1.o
 .debug_aranges
                0x000002a0       0x20 build/sam_v71_xult/production/_ext/1320227943/initialization.o
 .debug_aranges
                0x000002c0       0x20 build/sam_v71_xult/production/_ext/1320227943/interrupts.o
 .debug_aranges
                0x000002e0       0x48 build/sam_v71_xult/production/_ext/1320227943/exceptions.o
 .debug_aranges
                0x00000328       0x28 build/sam_v71_xult/production/_ext/1320227943/startup_xc32.o
 .debug_aranges
                0x00000350       0x40 build/sam_v71_xult/production/_ext/1320227943/freertos_hooks.o
 .debug_aranges
                0x00000390       0x28 build/sam_v71_xult/production/_ext/1320227943/tasks.o
 .debug_aranges
                0x000003b8       0x78 build/sam_v71_xult/production/_ext/977623654/port.o
 .debug_aranges
                0x00000430       0x38 build/sam_v71_xult/production/_ext/1665200909/heap_1.o
 .debug_aranges
                0x00000468       0x40 build/sam_v71_xult/production/_ext/404212886/list.o
 .debug_aranges
                0x000004a8       0xc8 build/sam_v71_xult/production/_ext/404212886/queue.o
 .debug_aranges
                0x00000570      0x178 build/sam_v71_xult/production/_ext/404212886/FreeRTOS_tasks.o
 .debug_aranges
                0x000006e8       0x20 build/sam_v71_xult/production/_ext/1360937237/main_v71.o
 .debug_aranges
                0x00000708       0x40 build/sam_v71_xult/production/_ext/1360937237/tarea_principal.o
 .debug_aranges
                0x00000748       0x48 build/sam_v71_xult/production/_ext/1563530619/mcan_fd_interrupt.o
 .debug_aranges
                0x00000790       0x50 build/sam_v71_xult/production/_ext/1522961716/Uart1_FreeRTOS.o
 .debug_aranges
                0x000007e0       0x20 c:/program files/microchip/xc32/v4.00/bin/bin/../../lib/gcc/pic32c/8.3.1/../../../../pic32c/lib/thumb/v7e-m+dp/hard\libpic32c.a(data_init.o)
 .debug_aranges
                0x00000800       0x28 c:/program files/microchip/xc32/v4.00/bin/bin/../../lib/gcc/pic32c/8.3.1/../../../../pic32c/lib/thumb/v7e-m+dp/hard\libc-musl.a(__libc_start_main.o)
 .debug_aranges
                0x00000828       0x18 c:/program files/microchip/xc32/v4.00/bin/bin/../../lib/gcc/pic32c/8.3.1/../../../../pic32c/lib/thumb/v7e-m+dp/hard\libc-musl.a(libc.o)
 .debug_aranges
                0x00000840       0x28 c:/program files/microchip/xc32/v4.00/bin/bin/../../lib/gcc/pic32c/8.3.1/../../../../pic32c/lib/thumb/v7e-m+dp/hard\libc-musl.a(__sio_sprintf_doux.o)
 .debug_aranges
                0x00000868       0x20 c:/program files/microchip/xc32/v4.00/bin/bin/../../lib/gcc/pic32c/8.3.1/../../../../pic32c/lib/thumb/v7e-m+dp/hard\libc-musl.a(__fmt_d.o)
 .debug_aranges
                0x00000888       0x20 c:/program files/microchip/xc32/v4.00/bin/bin/../../lib/gcc/pic32c/8.3.1/../../../../pic32c/lib/thumb/v7e-m+dp/hard\libc-musl.a(__fmt_o.o)
 .debug_aranges
                0x000008a8       0x20 c:/program files/microchip/xc32/v4.00/bin/bin/../../lib/gcc/pic32c/8.3.1/../../../../pic32c/lib/thumb/v7e-m+dp/hard\libc-musl.a(__fmt_s.o)
 .debug_aranges
                0x000008c8       0x28 c:/program files/microchip/xc32/v4.00/bin/bin/../../lib/gcc/pic32c/8.3.1/../../../../pic32c/lib/thumb/v7e-m+dp/hard\libc-musl.a(__fmt_u.o)
 .debug_aranges
                0x000008f0       0x20 c:/program files/microchip/xc32/v4.00/bin/bin/../../lib/gcc/pic32c/8.3.1/../../../../pic32c/lib/thumb/v7e-m+dp/hard\libc-musl.a(__fmt_x.o)
 .debug_aranges
                0x00000910       0x50 c:/program files/microchip/xc32/v4.00/bin/bin/../../lib/gcc/pic32c/8.3.1/../../../../pic32c/lib/thumb/v7e-m+dp/hard\libc-musl.a(__printf_core.o)
 .debug_aranges
                0x00000960       0x20 c:/program files/microchip/xc32/v4.00/bin/bin/../../lib/gcc/pic32c/8.3.1/../../../../pic32c/lib/thumb/v7e-m+dp/hard\libc-musl.a(atoi.o)
 .debug_aranges
                0x00000980       0x20 c:/program files/microchip/xc32/v4.00/bin/bin/../../lib/gcc/pic32c/8.3.1/../../../../pic32c/lib/thumb/v7e-m+dp/hard\libc-musl.a(memcpy.o)
 .debug_aranges
                0x000009a0       0x20 c:/program files/microchip/xc32/v4.00/bin/bin/../../lib/gcc/pic32c/8.3.1/../../../../pic32c/lib/thumb/v7e-m+dp/hard\libc-musl.a(memset.o)
 .debug_aranges
                0x000009c0       0x20 c:/program files/microchip/xc32/v4.00/bin/bin/../../lib/gcc/pic32c/8.3.1/../../../../pic32c/lib/thumb/v7e-m+dp/hard\libc-musl.a(strlen.o)
 .debug_aranges
                0x000009e0       0x28 c:/program files/microchip/xc32/v4.00/bin/bin/../../lib/gcc/pic32c/8.3.1/../../../../pic32c/lib/thumb/v7e-m+dp/hard\libc-musl.a(tolower.o)
 .debug_aranges
                0x00000a08       0x28 c:/program files/microchip/xc32/v4.00/bin/bin/../../lib/gcc/pic32c/8.3.1/../../../../pic32c/lib/thumb/v7e-m+dp/hard\libc-musl.a(toupper.o)
 .debug_aranges
                0x00000a30       0x18 c:/program files/microchip/xc32/v4.00/bin/bin/../../lib/gcc/pic32c/8.3.1/../../../../pic32c/lib/thumb/v7e-m+dp/hard\libc-musl.a(__environ.o)
 .debug_aranges
                0x00000a48       0x18 c:/program files/microchip/xc32/v4.00/bin/bin/../../lib/gcc/pic32c/8.3.1/../../../../pic32c/lib/thumb/v7e-m+dp/hard\libc-musl.a(__errno_location.o)
 .debug_aranges
                0x00000a60       0x20 c:/program files/microchip/xc32/v4.00/bin/bin/../../lib/gcc/pic32c/8.3.1/../../../../pic32c/lib/thumb/v7e-m+dp/hard\libc-musl.a(__int_vsprintf.o)
 .debug_aranges
                0x00000a80       0x20 c:/program files/microchip/xc32/v4.00/bin/bin/../../lib/gcc/pic32c/8.3.1/../../../../pic32c/lib/thumb/v7e-m+dp/hard\libc-musl.a(__pop_float.o)
 .debug_aranges
                0x00000aa0       0x20 c:/program files/microchip/xc32/v4.00/bin/bin/../../lib/gcc/pic32c/8.3.1/../../../../pic32c/lib/thumb/v7e-m+dp/hard\libc-musl.a(__pop_int.o)
 .debug_aranges
                0x00000ac0       0x20 c:/program files/microchip/xc32/v4.00/bin/bin/../../lib/gcc/pic32c/8.3.1/../../../../pic32c/lib/thumb/v7e-m+dp/hard\libc-musl.a(__pop_ptr.o)
 .debug_aranges
                0x00000ae0       0x20 c:/program files/microchip/xc32/v4.00/bin/bin/../../lib/gcc/pic32c/8.3.1/../../../../pic32c/lib/thumb/v7e-m+dp/hard\libc-musl.a(__int_vsnprintf.o)
 .debug_aranges
                0x00000b00       0x20 c:/program files/microchip/xc32/v4.00/bin/bin/../../lib/gcc/pic32c/8.3.1/../../../../pic32c/lib/thumb/v7e-m+dp/hard\libc-musl.a(__int_vfprintf.o)
 .debug_aranges
                0x00000b20       0x20 c:/program files/microchip/xc32/v4.00/bin/bin/../../lib/gcc/pic32c/8.3.1/thumb/v7e-m+dp/hard\libgcc.a(_aeabi_uldivmod.o)
 .debug_aranges
                0x00000b40       0x20 c:/program files/microchip/xc32/v4.00/bin/bin/../../lib/gcc/pic32c/8.3.1/thumb/v7e-m+dp/hard\libgcc.a(_udivmoddi4.o)
 .debug_aranges
                0x00000b60       0x20 c:/program files/microchip/xc32/v4.00/bin/bin/../../lib/gcc/pic32c/8.3.1/thumb/v7e-m+dp/hard\libgcc.a(_dvmd_tls.o)

.debug_ranges   0x00000000      0xc68
 .debug_ranges  0x00000000       0x10 build/sam_v71_xult/production/_ext/1157990217/plib_clk.o
 .debug_ranges  0x00000010       0x68 build/sam_v71_xult/production/_ext/1157988489/plib_efc.o
 .debug_ranges  0x00000078       0xc8 build/sam_v71_xult/production/_ext/1537669298/plib_mcan1.o
 .debug_ranges  0x00000140       0x10 build/sam_v71_xult/production/_ext/1157980473/plib_mpu.o
 .debug_ranges  0x00000150       0x28 build/sam_v71_xult/production/_ext/1537621011/plib_nvic.o
 .debug_ranges  0x00000178       0x50 build/sam_v71_xult/production/_ext/1157977813/plib_pio.o
 .debug_ranges  0x000001c8      0x148 build/sam_v71_xult/production/_ext/415242918/plib_usart1.o
 .debug_ranges  0x00000310       0x10 build/sam_v71_xult/production/_ext/1320227943/initialization.o
 .debug_ranges  0x00000320       0x10 build/sam_v71_xult/production/_ext/1320227943/interrupts.o
 .debug_ranges  0x00000330       0x38 build/sam_v71_xult/production/_ext/1320227943/exceptions.o
 .debug_ranges  0x00000368       0x48 build/sam_v71_xult/production/_ext/1320227943/startup_xc32.o
 .debug_ranges  0x000003b0       0x30 build/sam_v71_xult/production/_ext/1320227943/freertos_hooks.o
 .debug_ranges  0x000003e0       0x18 build/sam_v71_xult/production/_ext/1320227943/tasks.o
 .debug_ranges  0x000003f8       0x68 build/sam_v71_xult/production/_ext/977623654/port.o
 .debug_ranges  0x00000460       0x28 build/sam_v71_xult/production/_ext/1665200909/heap_1.o
 .debug_ranges  0x00000488       0x30 build/sam_v71_xult/production/_ext/404212886/list.o
 .debug_ranges  0x000004b8      0x180 build/sam_v71_xult/production/_ext/404212886/queue.o
 .debug_ranges  0x00000638      0x270 build/sam_v71_xult/production/_ext/404212886/FreeRTOS_tasks.o
 .debug_ranges  0x000008a8       0x10 build/sam_v71_xult/production/_ext/1360937237/main_v71.o
 .debug_ranges  0x000008b8       0x68 build/sam_v71_xult/production/_ext/1360937237/tarea_principal.o
 .debug_ranges  0x00000920       0x38 build/sam_v71_xult/production/_ext/1563530619/mcan_fd_interrupt.o
 .debug_ranges  0x00000958       0x40 build/sam_v71_xult/production/_ext/1522961716/Uart1_FreeRTOS.o
 .debug_ranges  0x00000998       0x10 c:/program files/microchip/xc32/v4.00/bin/bin/../../lib/gcc/pic32c/8.3.1/../../../../pic32c/lib/thumb/v7e-m+dp/hard\libpic32c.a(data_init.o)
 .debug_ranges  0x000009a8       0x40 c:/program files/microchip/xc32/v4.00/bin/bin/../../lib/gcc/pic32c/8.3.1/../../../../pic32c/lib/thumb/v7e-m+dp/hard\libc-musl.a(__libc_start_main.o)
 .debug_ranges  0x000009e8       0x18 c:/program files/microchip/xc32/v4.00/bin/bin/../../lib/gcc/pic32c/8.3.1/../../../../pic32c/lib/thumb/v7e-m+dp/hard\libc-musl.a(__sio_sprintf_doux.o)
 .debug_ranges  0x00000a00       0x10 c:/program files/microchip/xc32/v4.00/bin/bin/../../lib/gcc/pic32c/8.3.1/../../../../pic32c/lib/thumb/v7e-m+dp/hard\libc-musl.a(__fmt_d.o)
 .debug_ranges  0x00000a10       0x10 c:/program files/microchip/xc32/v4.00/bin/bin/../../lib/gcc/pic32c/8.3.1/../../../../pic32c/lib/thumb/v7e-m+dp/hard\libc-musl.a(__fmt_o.o)
 .debug_ranges  0x00000a20       0x10 c:/program files/microchip/xc32/v4.00/bin/bin/../../lib/gcc/pic32c/8.3.1/../../../../pic32c/lib/thumb/v7e-m+dp/hard\libc-musl.a(__fmt_s.o)
 .debug_ranges  0x00000a30       0x18 c:/program files/microchip/xc32/v4.00/bin/bin/../../lib/gcc/pic32c/8.3.1/../../../../pic32c/lib/thumb/v7e-m+dp/hard\libc-musl.a(__fmt_u.o)
 .debug_ranges  0x00000a48       0x10 c:/program files/microchip/xc32/v4.00/bin/bin/../../lib/gcc/pic32c/8.3.1/../../../../pic32c/lib/thumb/v7e-m+dp/hard\libc-musl.a(__fmt_x.o)
 .debug_ranges  0x00000a58       0x68 c:/program files/microchip/xc32/v4.00/bin/bin/../../lib/gcc/pic32c/8.3.1/../../../../pic32c/lib/thumb/v7e-m+dp/hard\libc-musl.a(__printf_core.o)
 .debug_ranges  0x00000ac0       0x10 c:/program files/microchip/xc32/v4.00/bin/bin/../../lib/gcc/pic32c/8.3.1/../../../../pic32c/lib/thumb/v7e-m+dp/hard\libc-musl.a(atoi.o)
 .debug_ranges  0x00000ad0       0x10 c:/program files/microchip/xc32/v4.00/bin/bin/../../lib/gcc/pic32c/8.3.1/../../../../pic32c/lib/thumb/v7e-m+dp/hard\libc-musl.a(memcpy.o)
 .debug_ranges  0x00000ae0       0x10 c:/program files/microchip/xc32/v4.00/bin/bin/../../lib/gcc/pic32c/8.3.1/../../../../pic32c/lib/thumb/v7e-m+dp/hard\libc-musl.a(memset.o)
 .debug_ranges  0x00000af0       0x10 c:/program files/microchip/xc32/v4.00/bin/bin/../../lib/gcc/pic32c/8.3.1/../../../../pic32c/lib/thumb/v7e-m+dp/hard\libc-musl.a(strlen.o)
 .debug_ranges  0x00000b00       0x18 c:/program files/microchip/xc32/v4.00/bin/bin/../../lib/gcc/pic32c/8.3.1/../../../../pic32c/lib/thumb/v7e-m+dp/hard\libc-musl.a(tolower.o)
 .debug_ranges  0x00000b18       0x18 c:/program files/microchip/xc32/v4.00/bin/bin/../../lib/gcc/pic32c/8.3.1/../../../../pic32c/lib/thumb/v7e-m+dp/hard\libc-musl.a(toupper.o)
 .debug_ranges  0x00000b30       0x10 c:/program files/microchip/xc32/v4.00/bin/bin/../../lib/gcc/pic32c/8.3.1/../../../../pic32c/lib/thumb/v7e-m+dp/hard\libc-musl.a(__int_vsprintf.o)
 .debug_ranges  0x00000b40       0x10 c:/program files/microchip/xc32/v4.00/bin/bin/../../lib/gcc/pic32c/8.3.1/../../../../pic32c/lib/thumb/v7e-m+dp/hard\libc-musl.a(__pop_float.o)
 .debug_ranges  0x00000b50       0x10 c:/program files/microchip/xc32/v4.00/bin/bin/../../lib/gcc/pic32c/8.3.1/../../../../pic32c/lib/thumb/v7e-m+dp/hard\libc-musl.a(__pop_int.o)
 .debug_ranges  0x00000b60       0x10 c:/program files/microchip/xc32/v4.00/bin/bin/../../lib/gcc/pic32c/8.3.1/../../../../pic32c/lib/thumb/v7e-m+dp/hard\libc-musl.a(__pop_ptr.o)
 .debug_ranges  0x00000b70       0x10 c:/program files/microchip/xc32/v4.00/bin/bin/../../lib/gcc/pic32c/8.3.1/../../../../pic32c/lib/thumb/v7e-m+dp/hard\libc-musl.a(__int_vsnprintf.o)
 .debug_ranges  0x00000b80       0x10 c:/program files/microchip/xc32/v4.00/bin/bin/../../lib/gcc/pic32c/8.3.1/../../../../pic32c/lib/thumb/v7e-m+dp/hard\libc-musl.a(__int_vfprintf.o)
 .debug_ranges  0x00000b90       0xd8 c:/program files/microchip/xc32/v4.00/bin/bin/../../lib/gcc/pic32c/8.3.1/thumb/v7e-m+dp/hard\libgcc.a(_udivmoddi4.o)

.debug_line     0x00000000     0xa488
 .debug_line    0x00000000      0x200 build/sam_v71_xult/production/_ext/1157990217/plib_clk.o
 .debug_line    0x00000200      0x320 build/sam_v71_xult/production/_ext/1157988489/plib_efc.o
 .debug_line    0x00000520      0xcb0 build/sam_v71_xult/production/_ext/1537669298/plib_mcan1.o
 .debug_line    0x000011d0      0x14a build/sam_v71_xult/production/_ext/1157980473/plib_mpu.o
 .debug_line    0x0000131a      0x317 build/sam_v71_xult/production/_ext/1537621011/plib_nvic.o
 .debug_line    0x00001631      0x3cc build/sam_v71_xult/production/_ext/1157977813/plib_pio.o
 .debug_line    0x000019fd      0x98d build/sam_v71_xult/production/_ext/415242918/plib_usart1.o
 .debug_line    0x0000238a      0x2b3 build/sam_v71_xult/production/_ext/1320227943/initialization.o
 .debug_line    0x0000263d       0xf3 build/sam_v71_xult/production/_ext/1320227943/interrupts.o
 .debug_line    0x00002730      0x14c build/sam_v71_xult/production/_ext/1320227943/exceptions.o
 .debug_line    0x0000287c      0x4a7 build/sam_v71_xult/production/_ext/1320227943/startup_xc32.o
 .debug_line    0x00002d23      0x1e3 build/sam_v71_xult/production/_ext/1320227943/freertos_hooks.o
 .debug_line    0x00002f06      0x161 build/sam_v71_xult/production/_ext/1320227943/tasks.o
 .debug_line    0x00003067      0x35f build/sam_v71_xult/production/_ext/977623654/port.o
 .debug_line    0x000033c6      0x1b3 build/sam_v71_xult/production/_ext/1665200909/heap_1.o
 .debug_line    0x00003579      0x2d4 build/sam_v71_xult/production/_ext/404212886/list.o
 .debug_line    0x0000384d      0xe88 build/sam_v71_xult/production/_ext/404212886/queue.o
 .debug_line    0x000046d5     0x16f1 build/sam_v71_xult/production/_ext/404212886/FreeRTOS_tasks.o
 .debug_line    0x00005dc6       0xf7 build/sam_v71_xult/production/_ext/1360937237/main_v71.o
 .debug_line    0x00005ebd      0x49c build/sam_v71_xult/production/_ext/1360937237/tarea_principal.o
 .debug_line    0x00006359      0x2ba build/sam_v71_xult/production/_ext/1563530619/mcan_fd_interrupt.o
 .debug_line    0x00006613      0x360 build/sam_v71_xult/production/_ext/1522961716/Uart1_FreeRTOS.o
 .debug_line    0x00006973      0x110 c:/program files/microchip/xc32/v4.00/bin/bin/../../lib/gcc/pic32c/8.3.1/../../../../pic32c/lib/thumb/v7e-m+dp/hard\libpic32c.a(data_init.o)
 .debug_line    0x00006a83      0x24c c:/program files/microchip/xc32/v4.00/bin/bin/../../lib/gcc/pic32c/8.3.1/../../../../pic32c/lib/thumb/v7e-m+dp/hard\libc-musl.a(__libc_start_main.o)
 .debug_line    0x00006ccf      0x132 c:/program files/microchip/xc32/v4.00/bin/bin/../../lib/gcc/pic32c/8.3.1/../../../../pic32c/lib/thumb/v7e-m+dp/hard\libc-musl.a(libc.o)
 .debug_line    0x00006e01      0x231 c:/program files/microchip/xc32/v4.00/bin/bin/../../lib/gcc/pic32c/8.3.1/../../../../pic32c/lib/thumb/v7e-m+dp/hard\libc-musl.a(__sio_sprintf_doux.o)
 .debug_line    0x00007032      0x2af c:/program files/microchip/xc32/v4.00/bin/bin/../../lib/gcc/pic32c/8.3.1/../../../../pic32c/lib/thumb/v7e-m+dp/hard\libc-musl.a(__fmt_d.o)
 .debug_line    0x000072e1      0x259 c:/program files/microchip/xc32/v4.00/bin/bin/../../lib/gcc/pic32c/8.3.1/../../../../pic32c/lib/thumb/v7e-m+dp/hard\libc-musl.a(__fmt_o.o)
 .debug_line    0x0000753a      0x29a c:/program files/microchip/xc32/v4.00/bin/bin/../../lib/gcc/pic32c/8.3.1/../../../../pic32c/lib/thumb/v7e-m+dp/hard\libc-musl.a(__fmt_s.o)
 .debug_line    0x000077d4      0x2e3 c:/program files/microchip/xc32/v4.00/bin/bin/../../lib/gcc/pic32c/8.3.1/../../../../pic32c/lib/thumb/v7e-m+dp/hard\libc-musl.a(__fmt_u.o)
 .debug_line    0x00007ab7      0x38e c:/program files/microchip/xc32/v4.00/bin/bin/../../lib/gcc/pic32c/8.3.1/../../../../pic32c/lib/thumb/v7e-m+dp/hard\libc-musl.a(__fmt_x.o)
 .debug_line    0x00007e45      0x71f c:/program files/microchip/xc32/v4.00/bin/bin/../../lib/gcc/pic32c/8.3.1/../../../../pic32c/lib/thumb/v7e-m+dp/hard\libc-musl.a(__printf_core.o)
 .debug_line    0x00008564      0x177 c:/program files/microchip/xc32/v4.00/bin/bin/../../lib/gcc/pic32c/8.3.1/../../../../pic32c/lib/thumb/v7e-m+dp/hard\libc-musl.a(atoi.o)
 .debug_line    0x000086db       0xf2 c:/program files/microchip/xc32/v4.00/bin/bin/../../lib/gcc/pic32c/8.3.1/../../../../pic32c/lib/thumb/v7e-m+dp/hard\libc-musl.a(memcpy.o)
 .debug_line    0x000087cd       0xea c:/program files/microchip/xc32/v4.00/bin/bin/../../lib/gcc/pic32c/8.3.1/../../../../pic32c/lib/thumb/v7e-m+dp/hard\libc-musl.a(memset.o)
 .debug_line    0x000088b7       0xe6 c:/program files/microchip/xc32/v4.00/bin/bin/../../lib/gcc/pic32c/8.3.1/../../../../pic32c/lib/thumb/v7e-m+dp/hard\libc-musl.a(strlen.o)
 .debug_line    0x0000899d      0x1dc c:/program files/microchip/xc32/v4.00/bin/bin/../../lib/gcc/pic32c/8.3.1/../../../../pic32c/lib/thumb/v7e-m+dp/hard\libc-musl.a(tolower.o)
 .debug_line    0x00008b79      0x1dc c:/program files/microchip/xc32/v4.00/bin/bin/../../lib/gcc/pic32c/8.3.1/../../../../pic32c/lib/thumb/v7e-m+dp/hard\libc-musl.a(toupper.o)
 .debug_line    0x00008d55      0x19f c:/program files/microchip/xc32/v4.00/bin/bin/../../lib/gcc/pic32c/8.3.1/../../../../pic32c/lib/thumb/v7e-m+dp/hard\libc-musl.a(__environ.o)
 .debug_line    0x00008ef4      0x1ad c:/program files/microchip/xc32/v4.00/bin/bin/../../lib/gcc/pic32c/8.3.1/../../../../pic32c/lib/thumb/v7e-m+dp/hard\libc-musl.a(__errno_location.o)
 .debug_line    0x000090a1      0x1df c:/program files/microchip/xc32/v4.00/bin/bin/../../lib/gcc/pic32c/8.3.1/../../../../pic32c/lib/thumb/v7e-m+dp/hard\libc-musl.a(__int_vsprintf.o)
 .debug_line    0x00009280      0x1f7 c:/program files/microchip/xc32/v4.00/bin/bin/../../lib/gcc/pic32c/8.3.1/../../../../pic32c/lib/thumb/v7e-m+dp/hard\libc-musl.a(__pop_float.o)
 .debug_line    0x00009477      0x28d c:/program files/microchip/xc32/v4.00/bin/bin/../../lib/gcc/pic32c/8.3.1/../../../../pic32c/lib/thumb/v7e-m+dp/hard\libc-musl.a(__pop_int.o)
 .debug_line    0x00009704      0x272 c:/program files/microchip/xc32/v4.00/bin/bin/../../lib/gcc/pic32c/8.3.1/../../../../pic32c/lib/thumb/v7e-m+dp/hard\libc-musl.a(__pop_ptr.o)
 .debug_line    0x00009976      0x24d c:/program files/microchip/xc32/v4.00/bin/bin/../../lib/gcc/pic32c/8.3.1/../../../../pic32c/lib/thumb/v7e-m+dp/hard\libc-musl.a(__int_vsnprintf.o)
 .debug_line    0x00009bc3      0x20f c:/program files/microchip/xc32/v4.00/bin/bin/../../lib/gcc/pic32c/8.3.1/../../../../pic32c/lib/thumb/v7e-m+dp/hard\libc-musl.a(__int_vfprintf.o)
 .debug_line    0x00009dd2       0x9c c:/program files/microchip/xc32/v4.00/bin/bin/../../lib/gcc/pic32c/8.3.1/thumb/v7e-m+dp/hard\libgcc.a(_aeabi_uldivmod.o)
 .debug_line    0x00009e6e      0x57e c:/program files/microchip/xc32/v4.00/bin/bin/../../lib/gcc/pic32c/8.3.1/thumb/v7e-m+dp/hard\libgcc.a(_udivmoddi4.o)
 .debug_line    0x0000a3ec       0x9c c:/program files/microchip/xc32/v4.00/bin/bin/../../lib/gcc/pic32c/8.3.1/thumb/v7e-m+dp/hard\libgcc.a(_dvmd_tls.o)

.debug_str      0x00000000      0xe0a
 .debug_str     0x00000000        0x0 build/sam_v71_xult/production/_ext/1157990217/plib_clk.o
 .debug_str     0x00000000       0x14 build/sam_v71_xult/production/_ext/1157988489/plib_efc.o
 .debug_str     0x00000014       0xd0 build/sam_v71_xult/production/_ext/1537669298/plib_mcan1.o
 .debug_str     0x000000e4        0x0 build/sam_v71_xult/production/_ext/1157980473/plib_mpu.o
 .debug_str     0x000000e4       0x28 build/sam_v71_xult/production/_ext/1537621011/plib_nvic.o
 .debug_str     0x0000010c       0x46 build/sam_v71_xult/production/_ext/1157977813/plib_pio.o
 .debug_str     0x00000152       0xb1 build/sam_v71_xult/production/_ext/415242918/plib_usart1.o
 .debug_str     0x00000203       0x7d build/sam_v71_xult/production/_ext/1320227943/initialization.o
 .debug_str     0x00000280        0x0 build/sam_v71_xult/production/_ext/1320227943/interrupts.o
 .debug_str     0x00000280        0x0 build/sam_v71_xult/production/_ext/1320227943/exceptions.o
 .debug_str     0x00000280       0x3e build/sam_v71_xult/production/_ext/1320227943/startup_xc32.o
 .debug_str     0x000002be       0x25 build/sam_v71_xult/production/_ext/1320227943/freertos_hooks.o
 .debug_str     0x000002e3       0x36 build/sam_v71_xult/production/_ext/1320227943/tasks.o
 .debug_str     0x00000319       0x26 build/sam_v71_xult/production/_ext/977623654/port.o
 .debug_str     0x0000033f       0x1f build/sam_v71_xult/production/_ext/1665200909/heap_1.o
 .debug_str     0x0000035e       0x2b build/sam_v71_xult/production/_ext/404212886/list.o
 .debug_str     0x00000389      0x27f build/sam_v71_xult/production/_ext/404212886/queue.o
 .debug_str     0x00000608      0x275 build/sam_v71_xult/production/_ext/404212886/FreeRTOS_tasks.o
 .debug_str     0x0000087d       0x19 build/sam_v71_xult/production/_ext/1360937237/main_v71.o
 .debug_str     0x00000896      0x15f build/sam_v71_xult/production/_ext/1360937237/tarea_principal.o
 .debug_str     0x000009f5       0x9a build/sam_v71_xult/production/_ext/1563530619/mcan_fd_interrupt.o
 .debug_str     0x00000a8f       0xfa build/sam_v71_xult/production/_ext/1522961716/Uart1_FreeRTOS.o
 .debug_str     0x00000b89        0x0 c:/program files/microchip/xc32/v4.00/bin/bin/../../lib/gcc/pic32c/8.3.1/../../../../pic32c/lib/thumb/v7e-m+dp/hard\libpic32c.a(data_init.o)
 .debug_str     0x00000b89        0x0 c:/program files/microchip/xc32/v4.00/bin/bin/../../lib/gcc/pic32c/8.3.1/../../../../pic32c/lib/thumb/v7e-m+dp/hard\libc-musl.a(__libc_start_main.o)
 .debug_str     0x00000b89        0x0 c:/program files/microchip/xc32/v4.00/bin/bin/../../lib/gcc/pic32c/8.3.1/../../../../pic32c/lib/thumb/v7e-m+dp/hard\libc-musl.a(libc.o)
 .debug_str     0x00000b89       0x56 c:/program files/microchip/xc32/v4.00/bin/bin/../../lib/gcc/pic32c/8.3.1/../../../../pic32c/lib/thumb/v7e-m+dp/hard\libc-musl.a(__sio_sprintf_doux.o)
 .debug_str     0x00000bdf        0x0 c:/program files/microchip/xc32/v4.00/bin/bin/../../lib/gcc/pic32c/8.3.1/../../../../pic32c/lib/thumb/v7e-m+dp/hard\libc-musl.a(__fmt_d.o)
 .debug_str     0x00000bdf        0x0 c:/program files/microchip/xc32/v4.00/bin/bin/../../lib/gcc/pic32c/8.3.1/../../../../pic32c/lib/thumb/v7e-m+dp/hard\libc-musl.a(__fmt_o.o)
 .debug_str     0x00000bdf        0x0 c:/program files/microchip/xc32/v4.00/bin/bin/../../lib/gcc/pic32c/8.3.1/../../../../pic32c/lib/thumb/v7e-m+dp/hard\libc-musl.a(__fmt_s.o)
 .debug_str     0x00000bdf        0x6 c:/program files/microchip/xc32/v4.00/bin/bin/../../lib/gcc/pic32c/8.3.1/../../../../pic32c/lib/thumb/v7e-m+dp/hard\libc-musl.a(__fmt_u.o)
 .debug_str     0x00000be5        0x0 c:/program files/microchip/xc32/v4.00/bin/bin/../../lib/gcc/pic32c/8.3.1/../../../../pic32c/lib/thumb/v7e-m+dp/hard\libc-musl.a(__fmt_x.o)
 .debug_str     0x00000be5       0x20 c:/program files/microchip/xc32/v4.00/bin/bin/../../lib/gcc/pic32c/8.3.1/../../../../pic32c/lib/thumb/v7e-m+dp/hard\libc-musl.a(__printf_core.o)
 .debug_str     0x00000c05        0x0 c:/program files/microchip/xc32/v4.00/bin/bin/../../lib/gcc/pic32c/8.3.1/../../../../pic32c/lib/thumb/v7e-m+dp/hard\libc-musl.a(atoi.o)
 .debug_str     0x00000c05        0x0 c:/program files/microchip/xc32/v4.00/bin/bin/../../lib/gcc/pic32c/8.3.1/../../../../pic32c/lib/thumb/v7e-m+dp/hard\libc-musl.a(memcpy.o)
 .debug_str     0x00000c05        0x0 c:/program files/microchip/xc32/v4.00/bin/bin/../../lib/gcc/pic32c/8.3.1/../../../../pic32c/lib/thumb/v7e-m+dp/hard\libc-musl.a(memset.o)
 .debug_str     0x00000c05        0x0 c:/program files/microchip/xc32/v4.00/bin/bin/../../lib/gcc/pic32c/8.3.1/../../../../pic32c/lib/thumb/v7e-m+dp/hard\libc-musl.a(strlen.o)
 .debug_str     0x00000c05        0x0 c:/program files/microchip/xc32/v4.00/bin/bin/../../lib/gcc/pic32c/8.3.1/../../../../pic32c/lib/thumb/v7e-m+dp/hard\libc-musl.a(tolower.o)
 .debug_str     0x00000c05        0x0 c:/program files/microchip/xc32/v4.00/bin/bin/../../lib/gcc/pic32c/8.3.1/../../../../pic32c/lib/thumb/v7e-m+dp/hard\libc-musl.a(toupper.o)
 .debug_str     0x00000c05        0x0 c:/program files/microchip/xc32/v4.00/bin/bin/../../lib/gcc/pic32c/8.3.1/../../../../pic32c/lib/thumb/v7e-m+dp/hard\libc-musl.a(__environ.o)
 .debug_str     0x00000c05        0x0 c:/program files/microchip/xc32/v4.00/bin/bin/../../lib/gcc/pic32c/8.3.1/../../../../pic32c/lib/thumb/v7e-m+dp/hard\libc-musl.a(__errno_location.o)
 .debug_str     0x00000c05        0xc c:/program files/microchip/xc32/v4.00/bin/bin/../../lib/gcc/pic32c/8.3.1/../../../../pic32c/lib/thumb/v7e-m+dp/hard\libc-musl.a(__int_vsprintf.o)
 .debug_str     0x00000c11        0x0 c:/program files/microchip/xc32/v4.00/bin/bin/../../lib/gcc/pic32c/8.3.1/../../../../pic32c/lib/thumb/v7e-m+dp/hard\libc-musl.a(__pop_float.o)
 .debug_str     0x00000c11        0x0 c:/program files/microchip/xc32/v4.00/bin/bin/../../lib/gcc/pic32c/8.3.1/../../../../pic32c/lib/thumb/v7e-m+dp/hard\libc-musl.a(__pop_int.o)
 .debug_str     0x00000c11        0x0 c:/program files/microchip/xc32/v4.00/bin/bin/../../lib/gcc/pic32c/8.3.1/../../../../pic32c/lib/thumb/v7e-m+dp/hard\libc-musl.a(__pop_ptr.o)
 .debug_str     0x00000c11        0xb c:/program files/microchip/xc32/v4.00/bin/bin/../../lib/gcc/pic32c/8.3.1/../../../../pic32c/lib/thumb/v7e-m+dp/hard\libc-musl.a(__int_vsnprintf.o)
 .debug_str     0x00000c1c        0xe c:/program files/microchip/xc32/v4.00/bin/bin/../../lib/gcc/pic32c/8.3.1/../../../../pic32c/lib/thumb/v7e-m+dp/hard\libc-musl.a(__int_vfprintf.o)
 .debug_str     0x00000c2a       0xee c:/program files/microchip/xc32/v4.00/bin/bin/../../lib/gcc/pic32c/8.3.1/thumb/v7e-m+dp/hard\libgcc.a(_aeabi_uldivmod.o)
 .debug_str     0x00000d18        0x0 c:/program files/microchip/xc32/v4.00/bin/bin/../../lib/gcc/pic32c/8.3.1/thumb/v7e-m+dp/hard\libgcc.a(_udivmoddi4.o)
 .debug_str     0x00000d18       0xf2 c:/program files/microchip/xc32/v4.00/bin/bin/../../lib/gcc/pic32c/8.3.1/thumb/v7e-m+dp/hard\libgcc.a(_dvmd_tls.o)

.debug_frame    0x00000000     0x172c
 .debug_frame   0x00000000       0x20 build/sam_v71_xult/production/_ext/1157990217/plib_clk.o
 .debug_frame   0x00000020       0xc0 build/sam_v71_xult/production/_ext/1157988489/plib_efc.o
 .debug_frame   0x000000e0      0x1e4 build/sam_v71_xult/production/_ext/1537669298/plib_mcan1.o
 .debug_frame   0x000002c4       0x20 build/sam_v71_xult/production/_ext/1157980473/plib_mpu.o
 .debug_frame   0x000002e4       0x50 build/sam_v71_xult/production/_ext/1537621011/plib_nvic.o
 .debug_frame   0x00000334       0xa0 build/sam_v71_xult/production/_ext/1157977813/plib_pio.o
 .debug_frame   0x000003d4      0x1a0 build/sam_v71_xult/production/_ext/415242918/plib_usart1.o
 .debug_frame   0x00000574       0x28 build/sam_v71_xult/production/_ext/1320227943/initialization.o
 .debug_frame   0x0000059c       0x20 build/sam_v71_xult/production/_ext/1320227943/interrupts.o
 .debug_frame   0x000005bc       0x70 build/sam_v71_xult/production/_ext/1320227943/exceptions.o
 .debug_frame   0x0000062c       0x38 build/sam_v71_xult/production/_ext/1320227943/startup_xc32.o
 .debug_frame   0x00000664       0x6c build/sam_v71_xult/production/_ext/1320227943/freertos_hooks.o
 .debug_frame   0x000006d0       0x44 build/sam_v71_xult/production/_ext/1320227943/tasks.o
 .debug_frame   0x00000714       0xe8 build/sam_v71_xult/production/_ext/977623654/port.o
 .debug_frame   0x000007fc       0x5c build/sam_v71_xult/production/_ext/1665200909/heap_1.o
 .debug_frame   0x00000858       0x6c build/sam_v71_xult/production/_ext/404212886/list.o
 .debug_frame   0x000008c4      0x280 build/sam_v71_xult/production/_ext/404212886/queue.o
 .debug_frame   0x00000b44      0x46c build/sam_v71_xult/production/_ext/404212886/FreeRTOS_tasks.o
 .debug_frame   0x00000fb0       0x28 build/sam_v71_xult/production/_ext/1360937237/main_v71.o
 .debug_frame   0x00000fd8       0xb0 build/sam_v71_xult/production/_ext/1360937237/tarea_principal.o
 .debug_frame   0x00001088       0xb0 build/sam_v71_xult/production/_ext/1563530619/mcan_fd_interrupt.o
 .debug_frame   0x00001138       0xcc build/sam_v71_xult/production/_ext/1522961716/Uart1_FreeRTOS.o
 .debug_frame   0x00001204       0x38 c:/program files/microchip/xc32/v4.00/bin/bin/../../lib/gcc/pic32c/8.3.1/../../../../pic32c/lib/thumb/v7e-m+dp/hard\libpic32c.a(data_init.o)
 .debug_frame   0x0000123c       0x3c c:/program files/microchip/xc32/v4.00/bin/bin/../../lib/gcc/pic32c/8.3.1/../../../../pic32c/lib/thumb/v7e-m+dp/hard\libc-musl.a(__libc_start_main.o)
 .debug_frame   0x00001278       0x58 c:/program files/microchip/xc32/v4.00/bin/bin/../../lib/gcc/pic32c/8.3.1/../../../../pic32c/lib/thumb/v7e-m+dp/hard\libc-musl.a(__sio_sprintf_doux.o)
 .debug_frame   0x000012d0       0x3c c:/program files/microchip/xc32/v4.00/bin/bin/../../lib/gcc/pic32c/8.3.1/../../../../pic32c/lib/thumb/v7e-m+dp/hard\libc-musl.a(__fmt_d.o)
 .debug_frame   0x0000130c       0x34 c:/program files/microchip/xc32/v4.00/bin/bin/../../lib/gcc/pic32c/8.3.1/../../../../pic32c/lib/thumb/v7e-m+dp/hard\libc-musl.a(__fmt_o.o)
 .debug_frame   0x00001340       0x34 c:/program files/microchip/xc32/v4.00/bin/bin/../../lib/gcc/pic32c/8.3.1/../../../../pic32c/lib/thumb/v7e-m+dp/hard\libc-musl.a(__fmt_s.o)
 .debug_frame   0x00001374       0x5c c:/program files/microchip/xc32/v4.00/bin/bin/../../lib/gcc/pic32c/8.3.1/../../../../pic32c/lib/thumb/v7e-m+dp/hard\libc-musl.a(__fmt_u.o)
 .debug_frame   0x000013d0       0x40 c:/program files/microchip/xc32/v4.00/bin/bin/../../lib/gcc/pic32c/8.3.1/../../../../pic32c/lib/thumb/v7e-m+dp/hard\libc-musl.a(__fmt_x.o)
 .debug_frame   0x00001410       0xd8 c:/program files/microchip/xc32/v4.00/bin/bin/../../lib/gcc/pic32c/8.3.1/../../../../pic32c/lib/thumb/v7e-m+dp/hard\libc-musl.a(__printf_core.o)
 .debug_frame   0x000014e8       0x28 c:/program files/microchip/xc32/v4.00/bin/bin/../../lib/gcc/pic32c/8.3.1/../../../../pic32c/lib/thumb/v7e-m+dp/hard\libc-musl.a(atoi.o)
 .debug_frame   0x00001510       0x28 c:/program files/microchip/xc32/v4.00/bin/bin/../../lib/gcc/pic32c/8.3.1/../../../../pic32c/lib/thumb/v7e-m+dp/hard\libc-musl.a(memcpy.o)
 .debug_frame   0x00001538       0x20 c:/program files/microchip/xc32/v4.00/bin/bin/../../lib/gcc/pic32c/8.3.1/../../../../pic32c/lib/thumb/v7e-m+dp/hard\libc-musl.a(memset.o)
 .debug_frame   0x00001558       0x20 c:/program files/microchip/xc32/v4.00/bin/bin/../../lib/gcc/pic32c/8.3.1/../../../../pic32c/lib/thumb/v7e-m+dp/hard\libc-musl.a(strlen.o)
 .debug_frame   0x00001578       0x30 c:/program files/microchip/xc32/v4.00/bin/bin/../../lib/gcc/pic32c/8.3.1/../../../../pic32c/lib/thumb/v7e-m+dp/hard\libc-musl.a(tolower.o)
 .debug_frame   0x000015a8       0x30 c:/program files/microchip/xc32/v4.00/bin/bin/../../lib/gcc/pic32c/8.3.1/../../../../pic32c/lib/thumb/v7e-m+dp/hard\libc-musl.a(toupper.o)
 .debug_frame   0x000015d8       0x20 c:/program files/microchip/xc32/v4.00/bin/bin/../../lib/gcc/pic32c/8.3.1/../../../../pic32c/lib/thumb/v7e-m+dp/hard\libc-musl.a(__int_vsprintf.o)
 .debug_frame   0x000015f8       0x20 c:/program files/microchip/xc32/v4.00/bin/bin/../../lib/gcc/pic32c/8.3.1/../../../../pic32c/lib/thumb/v7e-m+dp/hard\libc-musl.a(__pop_float.o)
 .debug_frame   0x00001618       0x2c c:/program files/microchip/xc32/v4.00/bin/bin/../../lib/gcc/pic32c/8.3.1/../../../../pic32c/lib/thumb/v7e-m+dp/hard\libc-musl.a(__pop_int.o)
 .debug_frame   0x00001644       0x28 c:/program files/microchip/xc32/v4.00/bin/bin/../../lib/gcc/pic32c/8.3.1/../../../../pic32c/lib/thumb/v7e-m+dp/hard\libc-musl.a(__pop_ptr.o)
 .debug_frame   0x0000166c       0x34 c:/program files/microchip/xc32/v4.00/bin/bin/../../lib/gcc/pic32c/8.3.1/../../../../pic32c/lib/thumb/v7e-m+dp/hard\libc-musl.a(__int_vsnprintf.o)
 .debug_frame   0x000016a0       0x2c c:/program files/microchip/xc32/v4.00/bin/bin/../../lib/gcc/pic32c/8.3.1/../../../../pic32c/lib/thumb/v7e-m+dp/hard\libc-musl.a(__int_vfprintf.o)
 .debug_frame   0x000016cc       0x2c c:/program files/microchip/xc32/v4.00/bin/bin/../../lib/gcc/pic32c/8.3.1/thumb/v7e-m+dp/hard\libgcc.a(_aeabi_uldivmod.o)
 .debug_frame   0x000016f8       0x34 c:/program files/microchip/xc32/v4.00/bin/bin/../../lib/gcc/pic32c/8.3.1/thumb/v7e-m+dp/hard\libgcc.a(_udivmoddi4.o)

.debug_loc      0x00000000     0x8e8f
 .debug_loc     0x00000000      0x458 build/sam_v71_xult/production/_ext/1157988489/plib_efc.o
 .debug_loc     0x00000458      0xdb4 build/sam_v71_xult/production/_ext/1537669298/plib_mcan1.o
 .debug_loc     0x0000120c      0x126 build/sam_v71_xult/production/_ext/1537621011/plib_nvic.o
 .debug_loc     0x00001332       0x94 build/sam_v71_xult/production/_ext/1157977813/plib_pio.o
 .debug_loc     0x000013c6      0xa86 build/sam_v71_xult/production/_ext/415242918/plib_usart1.o
 .debug_loc     0x00001e4c       0x45 build/sam_v71_xult/production/_ext/1320227943/initialization.o
 .debug_loc     0x00001e91       0xa7 build/sam_v71_xult/production/_ext/1320227943/startup_xc32.o
 .debug_loc     0x00001f38       0x82 build/sam_v71_xult/production/_ext/1320227943/freertos_hooks.o
 .debug_loc     0x00001fba       0x7d build/sam_v71_xult/production/_ext/1320227943/tasks.o
 .debug_loc     0x00002037      0x13a build/sam_v71_xult/production/_ext/977623654/port.o
 .debug_loc     0x00002171       0x80 build/sam_v71_xult/production/_ext/1665200909/heap_1.o
 .debug_loc     0x000021f1       0xbf build/sam_v71_xult/production/_ext/404212886/list.o
 .debug_loc     0x000022b0     0x16e4 build/sam_v71_xult/production/_ext/404212886/queue.o
 .debug_loc     0x00003994     0x20f2 build/sam_v71_xult/production/_ext/404212886/FreeRTOS_tasks.o
 .debug_loc     0x00005a86       0x20 build/sam_v71_xult/production/_ext/1360937237/main_v71.o
 .debug_loc     0x00005aa6      0x25f build/sam_v71_xult/production/_ext/1360937237/tarea_principal.o
 .debug_loc     0x00005d05      0x3db build/sam_v71_xult/production/_ext/1563530619/mcan_fd_interrupt.o
 .debug_loc     0x000060e0      0x23a build/sam_v71_xult/production/_ext/1522961716/Uart1_FreeRTOS.o
 .debug_loc     0x0000631a       0x14 c:/program files/microchip/xc32/v4.00/bin/bin/../../lib/gcc/pic32c/8.3.1/../../../../pic32c/lib/thumb/v7e-m+dp/hard\libpic32c.a(data_init.o)
 .debug_loc     0x0000632e       0x51 c:/program files/microchip/xc32/v4.00/bin/bin/../../lib/gcc/pic32c/8.3.1/../../../../pic32c/lib/thumb/v7e-m+dp/hard\libc-musl.a(__libc_start_main.o)
 .debug_loc     0x0000637f       0xb6 c:/program files/microchip/xc32/v4.00/bin/bin/../../lib/gcc/pic32c/8.3.1/../../../../pic32c/lib/thumb/v7e-m+dp/hard\libc-musl.a(__sio_sprintf_doux.o)
 .debug_loc     0x00006435      0x1ef c:/program files/microchip/xc32/v4.00/bin/bin/../../lib/gcc/pic32c/8.3.1/../../../../pic32c/lib/thumb/v7e-m+dp/hard\libc-musl.a(__fmt_d.o)
 .debug_loc     0x00006624      0x10a c:/program files/microchip/xc32/v4.00/bin/bin/../../lib/gcc/pic32c/8.3.1/../../../../pic32c/lib/thumb/v7e-m+dp/hard\libc-musl.a(__fmt_o.o)
 .debug_loc     0x0000672e      0x157 c:/program files/microchip/xc32/v4.00/bin/bin/../../lib/gcc/pic32c/8.3.1/../../../../pic32c/lib/thumb/v7e-m+dp/hard\libc-musl.a(__fmt_s.o)
 .debug_loc     0x00006885      0x2a2 c:/program files/microchip/xc32/v4.00/bin/bin/../../lib/gcc/pic32c/8.3.1/../../../../pic32c/lib/thumb/v7e-m+dp/hard\libc-musl.a(__fmt_u.o)
 .debug_loc     0x00006b27      0x2a8 c:/program files/microchip/xc32/v4.00/bin/bin/../../lib/gcc/pic32c/8.3.1/../../../../pic32c/lib/thumb/v7e-m+dp/hard\libc-musl.a(__fmt_x.o)
 .debug_loc     0x00006dcf      0x638 c:/program files/microchip/xc32/v4.00/bin/bin/../../lib/gcc/pic32c/8.3.1/../../../../pic32c/lib/thumb/v7e-m+dp/hard\libc-musl.a(__printf_core.o)
 .debug_loc     0x00007407       0xd8 c:/program files/microchip/xc32/v4.00/bin/bin/../../lib/gcc/pic32c/8.3.1/../../../../pic32c/lib/thumb/v7e-m+dp/hard\libc-musl.a(atoi.o)
 .debug_loc     0x000074df       0xba c:/program files/microchip/xc32/v4.00/bin/bin/../../lib/gcc/pic32c/8.3.1/../../../../pic32c/lib/thumb/v7e-m+dp/hard\libc-musl.a(memcpy.o)
 .debug_loc     0x00007599       0x56 c:/program files/microchip/xc32/v4.00/bin/bin/../../lib/gcc/pic32c/8.3.1/../../../../pic32c/lib/thumb/v7e-m+dp/hard\libc-musl.a(memset.o)
 .debug_loc     0x000075ef       0x47 c:/program files/microchip/xc32/v4.00/bin/bin/../../lib/gcc/pic32c/8.3.1/../../../../pic32c/lib/thumb/v7e-m+dp/hard\libc-musl.a(strlen.o)
 .debug_loc     0x00007636       0x4a c:/program files/microchip/xc32/v4.00/bin/bin/../../lib/gcc/pic32c/8.3.1/../../../../pic32c/lib/thumb/v7e-m+dp/hard\libc-musl.a(tolower.o)
 .debug_loc     0x00007680       0x4a c:/program files/microchip/xc32/v4.00/bin/bin/../../lib/gcc/pic32c/8.3.1/../../../../pic32c/lib/thumb/v7e-m+dp/hard\libc-musl.a(toupper.o)
 .debug_loc     0x000076ca       0x6c c:/program files/microchip/xc32/v4.00/bin/bin/../../lib/gcc/pic32c/8.3.1/../../../../pic32c/lib/thumb/v7e-m+dp/hard\libc-musl.a(__int_vsprintf.o)
 .debug_loc     0x00007736       0xa6 c:/program files/microchip/xc32/v4.00/bin/bin/../../lib/gcc/pic32c/8.3.1/../../../../pic32c/lib/thumb/v7e-m+dp/hard\libc-musl.a(__pop_float.o)
 .debug_loc     0x000077dc      0x312 c:/program files/microchip/xc32/v4.00/bin/bin/../../lib/gcc/pic32c/8.3.1/../../../../pic32c/lib/thumb/v7e-m+dp/hard\libc-musl.a(__pop_int.o)
 .debug_loc     0x00007aee      0x1db c:/program files/microchip/xc32/v4.00/bin/bin/../../lib/gcc/pic32c/8.3.1/../../../../pic32c/lib/thumb/v7e-m+dp/hard\libc-musl.a(__pop_ptr.o)
 .debug_loc     0x00007cc9       0xfd c:/program files/microchip/xc32/v4.00/bin/bin/../../lib/gcc/pic32c/8.3.1/../../../../pic32c/lib/thumb/v7e-m+dp/hard\libc-musl.a(__int_vsnprintf.o)
 .debug_loc     0x00007dc6       0x88 c:/program files/microchip/xc32/v4.00/bin/bin/../../lib/gcc/pic32c/8.3.1/../../../../pic32c/lib/thumb/v7e-m+dp/hard\libc-musl.a(__int_vfprintf.o)
 .debug_loc     0x00007e4e     0x1041 c:/program files/microchip/xc32/v4.00/bin/bin/../../lib/gcc/pic32c/8.3.1/thumb/v7e-m+dp/hard\libgcc.a(_udivmoddi4.o)

.note.GNU-stack
                0x00000000        0x0
 .note.GNU-stack
                0x00000000        0x0 c:/program files/microchip/xc32/v4.00/bin/bin/../../lib/gcc/pic32c/8.3.1/../../../../pic32c/lib/thumb/v7e-m+dp/hard\libc-musl.a(__libc_start_main.o)
 .note.GNU-stack
                0x00000000        0x0 c:/program files/microchip/xc32/v4.00/bin/bin/../../lib/gcc/pic32c/8.3.1/../../../../pic32c/lib/thumb/v7e-m+dp/hard\libc-musl.a(libc.o)
 .note.GNU-stack
                0x00000000        0x0 c:/program files/microchip/xc32/v4.00/bin/bin/../../lib/gcc/pic32c/8.3.1/../../../../pic32c/lib/thumb/v7e-m+dp/hard\libc-musl.a(__sio_sprintf_doux.o)
 .note.GNU-stack
                0x00000000        0x0 c:/program files/microchip/xc32/v4.00/bin/bin/../../lib/gcc/pic32c/8.3.1/../../../../pic32c/lib/thumb/v7e-m+dp/hard\libc-musl.a(__fmt_d.o)
 .note.GNU-stack
                0x00000000        0x0 c:/program files/microchip/xc32/v4.00/bin/bin/../../lib/gcc/pic32c/8.3.1/../../../../pic32c/lib/thumb/v7e-m+dp/hard\libc-musl.a(__fmt_o.o)
 .note.GNU-stack
                0x00000000        0x0 c:/program files/microchip/xc32/v4.00/bin/bin/../../lib/gcc/pic32c/8.3.1/../../../../pic32c/lib/thumb/v7e-m+dp/hard\libc-musl.a(__fmt_s.o)
 .note.GNU-stack
                0x00000000        0x0 c:/program files/microchip/xc32/v4.00/bin/bin/../../lib/gcc/pic32c/8.3.1/../../../../pic32c/lib/thumb/v7e-m+dp/hard\libc-musl.a(__fmt_u.o)
 .note.GNU-stack
                0x00000000        0x0 c:/program files/microchip/xc32/v4.00/bin/bin/../../lib/gcc/pic32c/8.3.1/../../../../pic32c/lib/thumb/v7e-m+dp/hard\libc-musl.a(__fmt_x.o)
 .note.GNU-stack
                0x00000000        0x0 c:/program files/microchip/xc32/v4.00/bin/bin/../../lib/gcc/pic32c/8.3.1/../../../../pic32c/lib/thumb/v7e-m+dp/hard\libc-musl.a(__printf_core.o)
 .note.GNU-stack
                0x00000000        0x0 c:/program files/microchip/xc32/v4.00/bin/bin/../../lib/gcc/pic32c/8.3.1/../../../../pic32c/lib/thumb/v7e-m+dp/hard\libc-musl.a(atoi.o)
 .note.GNU-stack
                0x00000000        0x0 c:/program files/microchip/xc32/v4.00/bin/bin/../../lib/gcc/pic32c/8.3.1/../../../../pic32c/lib/thumb/v7e-m+dp/hard\libc-musl.a(memcpy.o)
 .note.GNU-stack
                0x00000000        0x0 c:/program files/microchip/xc32/v4.00/bin/bin/../../lib/gcc/pic32c/8.3.1/../../../../pic32c/lib/thumb/v7e-m+dp/hard\libc-musl.a(memset.o)
 .note.GNU-stack
                0x00000000        0x0 c:/program files/microchip/xc32/v4.00/bin/bin/../../lib/gcc/pic32c/8.3.1/../../../../pic32c/lib/thumb/v7e-m+dp/hard\libc-musl.a(strlen.o)
 .note.GNU-stack
                0x00000000        0x0 c:/program files/microchip/xc32/v4.00/bin/bin/../../lib/gcc/pic32c/8.3.1/../../../../pic32c/lib/thumb/v7e-m+dp/hard\libc-musl.a(tolower.o)
 .note.GNU-stack
                0x00000000        0x0 c:/program files/microchip/xc32/v4.00/bin/bin/../../lib/gcc/pic32c/8.3.1/../../../../pic32c/lib/thumb/v7e-m+dp/hard\libc-musl.a(toupper.o)
 .note.GNU-stack
                0x00000000        0x0 c:/program files/microchip/xc32/v4.00/bin/bin/../../lib/gcc/pic32c/8.3.1/../../../../pic32c/lib/thumb/v7e-m+dp/hard\libc-musl.a(__environ.o)
 .note.GNU-stack
                0x00000000        0x0 c:/program files/microchip/xc32/v4.00/bin/bin/../../lib/gcc/pic32c/8.3.1/../../../../pic32c/lib/thumb/v7e-m+dp/hard\libc-musl.a(__errno_location.o)
 .note.GNU-stack
                0x00000000        0x0 c:/program files/microchip/xc32/v4.00/bin/bin/../../lib/gcc/pic32c/8.3.1/../../../../pic32c/lib/thumb/v7e-m+dp/hard\libc-musl.a(__int_vsprintf.o)
 .note.GNU-stack
                0x00000000        0x0 c:/program files/microchip/xc32/v4.00/bin/bin/../../lib/gcc/pic32c/8.3.1/../../../../pic32c/lib/thumb/v7e-m+dp/hard\libc-musl.a(__pop_float.o)
 .note.GNU-stack
                0x00000000        0x0 c:/program files/microchip/xc32/v4.00/bin/bin/../../lib/gcc/pic32c/8.3.1/../../../../pic32c/lib/thumb/v7e-m+dp/hard\libc-musl.a(__pop_int.o)
 .note.GNU-stack
                0x00000000        0x0 c:/program files/microchip/xc32/v4.00/bin/bin/../../lib/gcc/pic32c/8.3.1/../../../../pic32c/lib/thumb/v7e-m+dp/hard\libc-musl.a(__pop_ptr.o)
 .note.GNU-stack
                0x00000000        0x0 c:/program files/microchip/xc32/v4.00/bin/bin/../../lib/gcc/pic32c/8.3.1/../../../../pic32c/lib/thumb/v7e-m+dp/hard\libc-musl.a(__int_vsnprintf.o)
 .note.GNU-stack
                0x00000000        0x0 c:/program files/microchip/xc32/v4.00/bin/bin/../../lib/gcc/pic32c/8.3.1/../../../../pic32c/lib/thumb/v7e-m+dp/hard\libc-musl.a(__int_vfprintf.o)

.stack          0x2040a760      0x100
 .stack         0x2040a760      0x100 stack

.bss.ucHeap%1   0x20400000     0xa000
 .bss.ucHeap    0x20400000     0xa000 build/sam_v71_xult/production/_ext/1665200909/heap_1.o

.ram_nocache.Can1MessageRAM%2
                0x2040a000      0x140
 .ram_nocache.Can1MessageRAM
                0x2040a000      0x140 build/sam_v71_xult/production/_ext/1360937237/tarea_principal.o
                0x2040a000                Can1MessageRAM

.bss.USART1_ReadBuffer%3
                0x2040a140       0x80
 .bss.USART1_ReadBuffer
                0x2040a140       0x80 build/sam_v71_xult/production/_ext/415242918/plib_usart1.o

.bss.USART1_WriteBuffer%4
                0x2040a1c0       0x80
 .bss.USART1_WriteBuffer
                0x2040a1c0       0x80 build/sam_v71_xult/production/_ext/415242918/plib_usart1.o

.bss.pxReadyTasksLists%5
                0x2040a240       0x64
 .bss.pxReadyTasksLists
                0x2040a240       0x64 build/sam_v71_xult/production/_ext/404212886/FreeRTOS_tasks.o

.bss%6          0x2040a2a4       0x50
 .bss           0x2040a2a4       0x50 c:/program files/microchip/xc32/v4.00/bin/bin/../../lib/gcc/pic32c/8.3.1/../../../../pic32c/lib/thumb/v7e-m+dp/hard\libc-musl.a(libc.o)
                0x2040a2a4                __progname_full
                0x2040a2a4                program_invocation_name
                0x2040a2a8                program_invocation_short_name
                0x2040a2a8                __progname
                0x2040a2ac                __sysinfo
                0x2040a2b0                __hwcap
                0x2040a2b4                __libc

.bss.usart1Obj%7
                0x2040a2f4       0x40
 .bss.usart1Obj
                0x2040a2f4       0x40 build/sam_v71_xult/production/_ext/415242918/plib_usart1.o
                0x2040a2f4                usart1Obj

.bss.message.9604%8
                0x2040a334       0x40
 .bss.message.9604
                0x2040a334       0x40 build/sam_v71_xult/production/_ext/1360937237/tarea_principal.o

.bss.rx_message%9
                0x2040a374       0x40
 .bss.rx_message
                0x2040a374       0x40 build/sam_v71_xult/production/_ext/1360937237/tarea_principal.o

.bss.mcan1RxMsg%10
                0x2040a3b4       0x3c
 .bss.mcan1RxMsg
                0x2040a3b4       0x3c build/sam_v71_xult/production/_ext/1537669298/plib_mcan1.o

.bss.mcan1Obj%11
                0x2040a3f0       0x28
 .bss.mcan1Obj  0x2040a3f0       0x28 build/sam_v71_xult/production/_ext/1537669298/plib_mcan1.o

.bss.mcan1CallbackObj%12
                0x2040a418       0x20
 .bss.mcan1CallbackObj
                0x2040a418       0x20 build/sam_v71_xult/production/_ext/1537669298/plib_mcan1.o

.bss%13         0x2040a438       0x1c
 .bss           0x2040a438       0x1c c:/program files/microchip/xc32/v4.00/bin/bin/../../lib/gcc/pic32c/8.3.1/thumb/v7e-m+dp/hard/crtbegin.o

.bss.xDelayedTaskList1%14
                0x2040a454       0x14
 .bss.xDelayedTaskList1
                0x2040a454       0x14 build/sam_v71_xult/production/_ext/404212886/FreeRTOS_tasks.o

.bss.xDelayedTaskList2%15
                0x2040a468       0x14
 .bss.xDelayedTaskList2
                0x2040a468       0x14 build/sam_v71_xult/production/_ext/404212886/FreeRTOS_tasks.o

.bss.xPendingReadyList%16
                0x2040a47c       0x14
 .bss.xPendingReadyList
                0x2040a47c       0x14 build/sam_v71_xult/production/_ext/404212886/FreeRTOS_tasks.o

.bss.xSuspendedTaskList%17
                0x2040a490       0x14
 .bss.xSuspendedTaskList
                0x2040a490       0x14 build/sam_v71_xult/production/_ext/404212886/FreeRTOS_tasks.o

.bss.xTasksWaitingTermination%18
                0x2040a4a4       0x14
 .bss.xTasksWaitingTermination
                0x2040a4a4       0x14 build/sam_v71_xult/production/_ext/404212886/FreeRTOS_tasks.o

.bss.cmd.7930%19
                0x2040a4b8        0x4
 .bss.cmd.7930  0x2040a4b8        0x4 build/sam_v71_xult/production/_ext/1320227943/startup_xc32.o

.bss.xTAREA_PRINCIPAL_Tasks%20
                0x2040a4bc        0x4
 .bss.xTAREA_PRINCIPAL_Tasks
                0x2040a4bc        0x4 build/sam_v71_xult/production/_ext/1320227943/tasks.o
                0x2040a4bc                xTAREA_PRINCIPAL_Tasks

.data.uxCriticalNesting%21
                0x2040a4c0        0x4
 .data.uxCriticalNesting
                0x2040a4c0        0x4 build/sam_v71_xult/production/_ext/977623654/port.o

.bss.pucAlignedHeap.6163%22
                0x2040a4c4        0x4
 .bss.pucAlignedHeap.6163
                0x2040a4c4        0x4 build/sam_v71_xult/production/_ext/1665200909/heap_1.o

.bss.xNextFreeByte%23
                0x2040a4c8        0x4
 .bss.xNextFreeByte
                0x2040a4c8        0x4 build/sam_v71_xult/production/_ext/1665200909/heap_1.o

.bss.pxCurrentTCB%24
                0x2040a4cc        0x4
 .bss.pxCurrentTCB
                0x2040a4cc        0x4 build/sam_v71_xult/production/_ext/404212886/FreeRTOS_tasks.o
                0x2040a4cc                pxCurrentTCB

.bss.pxDelayedTaskList%25
                0x2040a4d0        0x4
 .bss.pxDelayedTaskList
                0x2040a4d0        0x4 build/sam_v71_xult/production/_ext/404212886/FreeRTOS_tasks.o

.bss.pxOverflowDelayedTaskList%26
                0x2040a4d4        0x4
 .bss.pxOverflowDelayedTaskList
                0x2040a4d4        0x4 build/sam_v71_xult/production/_ext/404212886/FreeRTOS_tasks.o

.bss.uxCurrentNumberOfTasks%27
                0x2040a4d8        0x4
 .bss.uxCurrentNumberOfTasks
                0x2040a4d8        0x4 build/sam_v71_xult/production/_ext/404212886/FreeRTOS_tasks.o

.bss.uxDeletedTasksWaitingCleanUp%28
                0x2040a4dc        0x4
 .bss.uxDeletedTasksWaitingCleanUp
                0x2040a4dc        0x4 build/sam_v71_xult/production/_ext/404212886/FreeRTOS_tasks.o

.bss.uxSchedulerSuspended%29
                0x2040a4e0        0x4
 .bss.uxSchedulerSuspended
                0x2040a4e0        0x4 build/sam_v71_xult/production/_ext/404212886/FreeRTOS_tasks.o

.bss.uxTaskNumber%30
                0x2040a4e4        0x4
 .bss.uxTaskNumber
                0x2040a4e4        0x4 build/sam_v71_xult/production/_ext/404212886/FreeRTOS_tasks.o

.bss.uxTopReadyPriority%31
                0x2040a4e8        0x4
 .bss.uxTopReadyPriority
                0x2040a4e8        0x4 build/sam_v71_xult/production/_ext/404212886/FreeRTOS_tasks.o

.bss.xIdleTaskHandle%32
                0x2040a4ec        0x4
 .bss.xIdleTaskHandle
                0x2040a4ec        0x4 build/sam_v71_xult/production/_ext/404212886/FreeRTOS_tasks.o

.bss.xNextTaskUnblockTime%33
                0x2040a4f0        0x4
 .bss.xNextTaskUnblockTime
                0x2040a4f0        0x4 build/sam_v71_xult/production/_ext/404212886/FreeRTOS_tasks.o

.bss.xNumOfOverflows%34
                0x2040a4f4        0x4
 .bss.xNumOfOverflows
                0x2040a4f4        0x4 build/sam_v71_xult/production/_ext/404212886/FreeRTOS_tasks.o

.bss.xPendedTicks%35
                0x2040a4f8        0x4
 .bss.xPendedTicks
                0x2040a4f8        0x4 build/sam_v71_xult/production/_ext/404212886/FreeRTOS_tasks.o

.bss.xSchedulerRunning%36
                0x2040a4fc        0x4
 .bss.xSchedulerRunning
                0x2040a4fc        0x4 build/sam_v71_xult/production/_ext/404212886/FreeRTOS_tasks.o

.bss.xTickCount%37
                0x2040a500        0x4
 .bss.xTickCount
                0x2040a500        0x4 build/sam_v71_xult/production/_ext/404212886/FreeRTOS_tasks.o

.bss.xYieldPending%38
                0x2040a504        0x4
 .bss.xYieldPending
                0x2040a504        0x4 build/sam_v71_xult/production/_ext/404212886/FreeRTOS_tasks.o

.bss.canMutexLock%39
                0x2040a508        0x4
 .bss.canMutexLock
                0x2040a508        0x4 build/sam_v71_xult/production/_ext/1360937237/tarea_principal.o
                0x2040a508                canMutexLock

.bss.message.9599%40
                0x2040a50c        0x4
 .bss.message.9599
                0x2040a50c        0x4 build/sam_v71_xult/production/_ext/1360937237/tarea_principal.o

.bss.rx_messageID%41
                0x2040a510        0x4
 .bss.rx_messageID
                0x2040a510        0x4 build/sam_v71_xult/production/_ext/1360937237/tarea_principal.o

.bss.xTAREA_Can%42
                0x2040a514        0x4
 .bss.xTAREA_Can
                0x2040a514        0x4 build/sam_v71_xult/production/_ext/1360937237/tarea_principal.o
                0x2040a514                xTAREA_Can

.bss.xTAREA_Can1%43
                0x2040a518        0x4
 .bss.xTAREA_Can1
                0x2040a518        0x4 build/sam_v71_xult/production/_ext/1360937237/tarea_principal.o
                0x2040a518                xTAREA_Can1

.bss.xTAREA_Can2%44
                0x2040a51c        0x4
 .bss.xTAREA_Can2
                0x2040a51c        0x4 build/sam_v71_xult/production/_ext/1360937237/tarea_principal.o
                0x2040a51c                xTAREA_Can2

.bss.xferContext%45
                0x2040a520        0x4
 .bss.xferContext
                0x2040a520        0x4 build/sam_v71_xult/production/_ext/1563530619/mcan_fd_interrupt.o

.bss.Semaforo_uart%46
                0x2040a524        0x4
 .bss.Semaforo_uart